Archive member included to satisfy reference by file (symbol)

D:/devkitPro/libgba/lib\libgba.a(input.o)
                              main.o (scanKeys)
d:/devkitpro/devkitarm/bin/../lib/gcc/arm-none-eabi/11.1.0/../../../../arm-none-eabi/lib/thumb\libstdc++.a(del_ops.o)
                              main.o (operator delete(void*, unsigned int))
d:/devkitpro/devkitarm/bin/../lib/gcc/arm-none-eabi/11.1.0/../../../../arm-none-eabi/lib/thumb\libstdc++.a(new_op.o)
                              main.o (operator new(unsigned int))
d:/devkitpro/devkitarm/bin/../lib/gcc/arm-none-eabi/11.1.0/../../../../arm-none-eabi/lib/thumb\libstdc++.a(functexcept.o)
                              main.o (std::__throw_bad_alloc())
d:/devkitpro/devkitarm/bin/../lib/gcc/arm-none-eabi/11.1.0/../../../../arm-none-eabi/lib/thumb\libstdc++.a(functional.o)
                              main.o (std::__throw_bad_function_call())
d:/devkitpro/devkitarm/bin/../lib/gcc/arm-none-eabi/11.1.0/../../../../arm-none-eabi/lib/thumb\libstdc++.a(snprintf_lite.o)
                              d:/devkitpro/devkitarm/bin/../lib/gcc/arm-none-eabi/11.1.0/../../../../arm-none-eabi/lib/thumb\libstdc++.a(functexcept.o) (__gnu_cxx::__snprintf_lite(char*, unsigned int, char const*, std::__va_list))
d:/devkitpro/devkitarm/bin/../lib/gcc/arm-none-eabi/11.1.0/../../../../arm-none-eabi/lib/thumb\libstdc++.a(string-inst.o)
                              main.o (std::__cxx11::basic_string<char, std::char_traits<char>, std::allocator<char> >::_M_create(unsigned int&, unsigned int))
d:/devkitpro/devkitarm/bin/../lib/gcc/arm-none-eabi/11.1.0/../../../../arm-none-eabi/lib/thumb\libstdc++.a(bad_alloc.o)
                              d:/devkitpro/devkitarm/bin/../lib/gcc/arm-none-eabi/11.1.0/../../../../arm-none-eabi/lib/thumb\libstdc++.a(new_op.o) (std::bad_alloc::~bad_alloc())
d:/devkitpro/devkitarm/bin/../lib/gcc/arm-none-eabi/11.1.0/../../../../arm-none-eabi/lib/thumb\libstdc++.a(bad_array_new.o)
                              d:/devkitpro/devkitarm/bin/../lib/gcc/arm-none-eabi/11.1.0/../../../../arm-none-eabi/lib/thumb\libstdc++.a(functexcept.o) (std::bad_array_new_length::~bad_array_new_length())
d:/devkitpro/devkitarm/bin/../lib/gcc/arm-none-eabi/11.1.0/../../../../arm-none-eabi/lib/thumb\libstdc++.a(bad_cast.o)
                              d:/devkitpro/devkitarm/bin/../lib/gcc/arm-none-eabi/11.1.0/../../../../arm-none-eabi/lib/thumb\libstdc++.a(functexcept.o) (std::bad_cast::~bad_cast())
d:/devkitpro/devkitarm/bin/../lib/gcc/arm-none-eabi/11.1.0/../../../../arm-none-eabi/lib/thumb\libstdc++.a(bad_typeid.o)
                              d:/devkitpro/devkitarm/bin/../lib/gcc/arm-none-eabi/11.1.0/../../../../arm-none-eabi/lib/thumb\libstdc++.a(functexcept.o) (std::bad_typeid::~bad_typeid())
d:/devkitpro/devkitarm/bin/../lib/gcc/arm-none-eabi/11.1.0/../../../../arm-none-eabi/lib/thumb\libstdc++.a(del_op.o)
                              d:/devkitpro/devkitarm/bin/../lib/gcc/arm-none-eabi/11.1.0/../../../../arm-none-eabi/lib/thumb\libstdc++.a(del_ops.o) (operator delete(void*))
d:/devkitpro/devkitarm/bin/../lib/gcc/arm-none-eabi/11.1.0/../../../../arm-none-eabi/lib/thumb\libstdc++.a(eh_alloc.o)
                              d:/devkitpro/devkitarm/bin/../lib/gcc/arm-none-eabi/11.1.0/../../../../arm-none-eabi/lib/thumb\libstdc++.a(new_op.o) (__cxa_allocate_exception)
d:/devkitpro/devkitarm/bin/../lib/gcc/arm-none-eabi/11.1.0/../../../../arm-none-eabi/lib/thumb\libstdc++.a(eh_arm.o)
                              d:/devkitpro/devkitarm/bin/../lib/gcc/arm-none-eabi/11.1.0/../../../../arm-none-eabi/lib/thumb\libstdc++.a(functexcept.o) (__cxa_end_cleanup)
d:/devkitpro/devkitarm/bin/../lib/gcc/arm-none-eabi/11.1.0/../../../../arm-none-eabi/lib/thumb\libstdc++.a(eh_catch.o)
                              d:/devkitpro/devkitarm/bin/../lib/gcc/arm-none-eabi/11.1.0/../../../../arm-none-eabi/lib/thumb\libstdc++.a(string-inst.o) (__cxa_begin_catch)
d:/devkitpro/devkitarm/bin/../lib/gcc/arm-none-eabi/11.1.0/../../../../arm-none-eabi/lib/thumb\libstdc++.a(eh_exception.o)
                              d:/devkitpro/devkitarm/bin/../lib/gcc/arm-none-eabi/11.1.0/../../../../arm-none-eabi/lib/thumb\libstdc++.a(functional.o) (std::exception::~exception())
d:/devkitpro/devkitarm/bin/../lib/gcc/arm-none-eabi/11.1.0/../../../../arm-none-eabi/lib/thumb\libstdc++.a(eh_globals.o)
                              d:/devkitpro/devkitarm/bin/../lib/gcc/arm-none-eabi/11.1.0/../../../../arm-none-eabi/lib/thumb\libstdc++.a(eh_catch.o) (__cxa_get_globals_fast)
d:/devkitpro/devkitarm/bin/../lib/gcc/arm-none-eabi/11.1.0/../../../../arm-none-eabi/lib/thumb\libstdc++.a(eh_personality.o)
                              d:/devkitpro/devkitarm/bin/../lib/gcc/arm-none-eabi/11.1.0/../../../../arm-none-eabi/lib/thumb\libstdc++.a(functexcept.o) (__gxx_personality_v0)
d:/devkitpro/devkitarm/bin/../lib/gcc/arm-none-eabi/11.1.0/../../../../arm-none-eabi/lib/thumb\libstdc++.a(eh_terminate.o)
[...]
Memory Configuration

Name             Origin             Length             Attributes
rom              0x0000000008000000 0x0000000002000000
iwram            0x0000000003000000 0x0000000000008000
ewram            0x0000000002000000 0x0000000000040000
*default*        0x0000000000000000 0xffffffffffffffff

Linker script and memory map

                0x0000000008000000                __text_start = ORIGIN (rom)
                0x0000000002040000                __eheap_end = (ORIGIN (ewram) + LENGTH (ewram))
                0x0000000003000000                __iwram_start = ORIGIN (iwram)
                0x0000000003008000                __iwram_top = (ORIGIN (iwram) + LENGTH (iwram))
                0x0000000003007fa0                __sp_irq = (__iwram_top - 0x60)
                0x0000000003007f00                __sp_usr = (__sp_irq - 0xa0)
                0x0000000003007ff8                __irq_flags = 0x3007ff8
                0x0000000008000000                . = __text_start

.crt0           0x0000000008000000      0x210
 *(.crt0)
 .crt0          0x0000000008000000      0x210 d:/devkitpro/devkitarm/bin/../lib/gcc/arm-none-eabi/11.1.0/../../../../arm-none-eabi/lib/thumb/gba_crt0.o
                0x0000000008000000                _start
                0x00000000080000c4                __boot_method
                0x00000000080000c5                __slave_number
                0x00000000080000e0                start_vector
                0x0000000008000210                . = ALIGN (0x4)

.init           0x0000000008000210        0xc
 *(SORT_NONE(.init))
 .init          0x0000000008000210        0x4 d:/devkitpro/devkitarm/bin/../lib/gcc/arm-none-eabi/11.1.0/thumb/crti.o
                0x0000000008000210                _init
 .init          0x0000000008000214        0x8 d:/devkitpro/devkitarm/bin/../lib/gcc/arm-none-eabi/11.1.0/thumb/crtn.o

.plt            0x000000000800021c        0x0
 *(.plt)
                0x000000000800021c                . = ALIGN (0x4)

.text           0x0000000008000220     0x7318
 *(EXCLUDE_FILE(*.iwram*) .text*)
 .text.__do_global_dtors_aux
                0x0000000008000220       0x2c d:/devkitpro/devkitarm/bin/../lib/gcc/arm-none-eabi/11.1.0/thumb/crtbegin.o
 .text.frame_dummy
                0x000000000800024c       0x24 d:/devkitpro/devkitarm/bin/../lib/gcc/arm-none-eabi/11.1.0/thumb/crtbegin.o
 .text          0x0000000008000270     0x1c28 main.o
                0x0000000008000440                Vec2Int(Vector2, int)
                0x000000000800044c                Vec2Int(int, int, int)
                0x0000000008000454                int2Vec(int, int)
                0x000000000800046c                randint(unsigned short, unsigned short)
                0x00000000080004b4                RGBToColor(unsigned short, unsigned short, unsigned short)
                0x00000000080004c8                RGBToColor(int)
                0x00000000080004e8                drawNxN(unsigned short, unsigned short, unsigned short, unsigned short, unsigned short)
                0x0000000008000534                setPixel(unsigned short, unsigned short, unsigned short)
                0x0000000008000550                isPressed(unsigned short, unsigned short)
                0x000000000800055c                inRange(int, int, int)
                0x000000000800057c                wrapInt(int, int, int)
                0x000000000800059c                sleep(unsigned int)
                0x00000000080005c8                font_5x8::initFont()
                0x0000000008000670                font_5x8::genSingleColorProvider(unsigned short)
                0x0000000008000684                font_5x8::genCyclingColorProvider(std::vector<unsigned short, std::allocator<unsigned short> >)
                0x000000000800070c                font_5x8::init()
                0x0000000008000718                font_5x8::testFullImage()
                0x00000000080007a0                font_5x8::drawCharacter(int, int, unsigned char, unsigned short, unsigned short)
                0x0000000008001404                font_5x8::drawString(int, int, std::__cxx11::basic_string<char, std::char_traits<char>, std::allocator<char> >, std::function<unsigned short (int, char, bool)>, std::function<unsigned short (int, char, bool)>, int, bool, bool, bool, bool)
                0x0000000008001754                font_5x8::drawString(int, int, std::__cxx11::basic_string<char, std::char_traits<char>, std::allocator<char> >, std::variant<int, unsigned short, std::vector<unsigned short, std::allocator<unsigned short> > >, std::variant<int, unsigned short, std::vector<unsigned short, std::allocator<unsigned short> > >, int, bool, bool)
                0x0000000008001bac                font_5x8::testAllChars(bool, unsigned short, unsigned short)
                0x0000000008001dcc                font_5x8::helloWorld(int, int)
 .text._ZNSt8__detail9__variant17__gen_vtable_implINS0_12_Multi_arrayIPFvOZNS0_16_Variant_storageILb0EJitSt6vectorItSaItEEEE8_M_resetEvEUlOT_E_RSt7variantIJitS6_EEEJEEESt16integer_sequenceIjJLj0EEEE14__visit_invokeESB_SE_
                0x0000000008001e98        0x4 main.o
                0x0000000008001e98                std::__detail::__variant::__gen_vtable_impl<std::__detail::__variant::_Multi_array<void (*)(std::__detail::__variant::_Variant_storage<false, int, unsigned short, std::vector<unsigned short, std::allocator<unsigned short> > >::_M_reset()::{lambda(auto:1&&)#1}&&, std::variant<int, unsigned short, std::vector<unsigned short, std::allocator<unsigned short> > >&)>, std::integer_sequence<unsigned int, 0u> >::__visit_invoke(std::__detail::__variant::_Variant_storage<false, int, unsigned short, std::vector<unsigned short, std::allocator<unsigned short> > >::_M_reset()::{lambda(auto:1&&)#1}&&, std::variant<int, unsigned short, std::vector<unsigned short, std::allocator<unsigned short> > >&)
 .text._ZNSt8__detail9__variant17__gen_vtable_implINS0_12_Multi_arrayIPFvOZNS0_16_Variant_storageILb0EJitSt6vectorItSaItEEEE8_M_resetEvEUlOT_E_RSt7variantIJitS6_EEEJEEESt16integer_sequenceIjJLj1EEEE14__visit_invokeESB_SE_
                0x0000000008001e9c        0x4 main.o
                0x0000000008001e9c                std::__detail::__variant::__gen_vtable_impl<std::__detail::__variant::_Multi_array<void (*)(std::__detail::__variant::_Variant_storage<false, int, unsigned short, std::vector<unsigned short, std::allocator<unsigned short> > >::_M_reset()::{lambda(auto:1&&)#1}&&, std::variant<int, unsigned short, std::vector<unsigned short, std::allocator<unsigned short> > >&)>, std::integer_sequence<unsigned int, 1u> >::__visit_invoke(std::__detail::__variant::_Variant_storage<false, int, unsigned short, std::vector<unsigned short, std::allocator<unsigned short> > >::_M_reset()::{lambda(auto:1&&)#1}&&, std::variant<int, unsigned short, std::vector<unsigned short, std::allocator<unsigned short> > >&)
 .text._ZNSt8__detail9__variant17__gen_vtable_implINS0_12_Multi_arrayIPFvOZNS0_16_Variant_storageILb0EJitSt6vectorItSaItEEEE8_M_resetEvEUlOT_E_RSt7variantIJitS6_EEEJEEESt16integer_sequenceIjJLj2EEEE14__visit_invokeESB_SE_
                0x0000000008001ea0       0x18 main.o
                0x0000000008001ea0                std::__detail::__variant::__gen_vtable_impl<std::__detail::__variant::_Multi_array<void (*)(std::__detail::__variant::_Variant_storage<false, int, unsigned short, std::vector<unsigned short, std::allocator<unsigned short> > >::_M_reset()::{lambda(auto:1&&)#1}&&, std::variant<int, unsigned short, std::vector<unsigned short, std::allocator<unsigned short> > >&)>, std::integer_sequence<unsigned int, 2u> >::__visit_invoke(std::__detail::__variant::_Variant_storage<false, int, unsigned short, std::vector<unsigned short, std::allocator<unsigned short> > >::_M_reset()::{lambda(auto:1&&)#1}&&, std::variant<int, unsigned short, std::vector<unsigned short, std::allocator<unsigned short> > >&)
 .text.startup  0x0000000008001eb8      0xcd8 main.o
                0x0000000008001eb8                main
 .text.exit     0x0000000008002b90       0x54 main.o
 .text          0x0000000008002be4       0xbc D:/devkitPro/libgba/lib\libgba.a(input.o)
                0x0000000008002be4                setRepeat
                0x0000000008002bf0                scanKeys
                0x0000000008002c64                keysDownRepeat
                0x0000000008002c74                keysDown
                0x0000000008002c84                keysUp
                0x0000000008002c94                keysHeld
 .text._ZdlPvj  0x0000000008002ca0        0xc d:/devkitpro/devkitarm/bin/../lib/gcc/arm-none-eabi/11.1.0/../../../../arm-none-eabi/lib/thumb\libstdc++.a(del_ops.o)
                0x0000000008002ca0                operator delete(void*, unsigned int)
 .text._Znwj    0x0000000008002cac       0x48 d:/devkitpro/devkitarm/bin/../lib/gcc/arm-none-eabi/11.1.0/../../../../arm-none-eabi/lib/thumb\libstdc++.a(new_op.o)
                0x0000000008002cac                operator new(unsigned int)
 .text.unlikely._ZSt17__throw_bad_allocv
                0x0000000008002cf4       0x20 d:/devkitpro/devkitarm/bin/../lib/gcc/arm-none-eabi/11.1.0/../../../../arm-none-eabi/lib/thumb\libstdc++.a(functexcept.o)
                0x0000000008002cf4                std::__throw_bad_alloc()
 .text.unlikely._ZSt28__throw_bad_array_new_lengthv
                0x0000000008002d14       0x20 d:/devkitpro/devkitarm/bin/../lib/gcc/arm-none-eabi/11.1.0/../../../../arm-none-eabi/lib/thumb\libstdc++.a(functexcept.o)
                0x0000000008002d14                std::__throw_bad_array_new_length()
 .text.unlikely._ZSt19__throw_logic_errorPKc
                0x0000000008002d34       0x30 d:/devkitpro/devkitarm/bin/../lib/gcc/arm-none-eabi/11.1.0/../../../../arm-none-eabi/lib/thumb\libstdc++.a(functexcept.o)
                0x0000000008002d34                std::__throw_logic_error(char const*)
 .text.unlikely._ZSt20__throw_length_errorPKc
                0x0000000008002d64       0x30 d:/devkitpro/devkitarm/bin/../lib/gcc/arm-none-eabi/11.1.0/../../../../arm-none-eabi/lib/thumb\libstdc++.a(functexcept.o)
                0x0000000008002d64                std::__throw_length_error(char const*)
 .text._ZNKSt17bad_function_call4whatEv
                0x0000000008002d94        0x8 d:/devkitpro/devkitarm/bin/../lib/gcc/arm-none-eabi/11.1.0/../../../../arm-none-eabi/lib/thumb\libstdc++.a(functional.o)
                0x0000000008002d94                std::bad_function_call::what() const
 .text._ZNSt17bad_function_callD2Ev
                0x0000000008002d9c       0x1c d:/devkitpro/devkitarm/bin/../lib/gcc/arm-none-eabi/11.1.0/../../../../arm-none-eabi/lib/thumb\libstdc++.a(functional.o)
                0x0000000008002d9c                std::bad_function_call::~bad_function_call()
                0x0000000008002d9c                std::bad_function_call::~bad_function_call()
 .text._ZNSt17bad_function_callD0Ev
                0x0000000008002db8       0x20 d:/devkitpro/devkitarm/bin/../lib/gcc/arm-none-eabi/11.1.0/../../../../arm-none-eabi/lib/thumb\libstdc++.a(functional.o)
                0x0000000008002db8                std::bad_function_call::~bad_function_call()
 .text.unlikely._ZSt25__throw_bad_function_callv
                0x0000000008002dd8       0x24 d:/devkitpro/devkitarm/bin/../lib/gcc/arm-none-eabi/11.1.0/../../../../arm-none-eabi/lib/thumb\libstdc++.a(functional.o)
                0x0000000008002dd8                std::__throw_bad_function_call()
 .text._ZNSt7__cxx1112basic_stringIcSt11char_traitsIcESaIcEE9_M_createERjj
                0x0000000008002dfc       0x40 d:/devkitpro/devkitarm/bin/../lib/gcc/arm-none-eabi/11.1.0/../../../../arm-none-eabi/lib/thumb\libstdc++.a(string-inst.o)
                0x0000000008002dfc                std::__cxx11::basic_string<char, std::char_traits<char>, std::allocator<char> >::_M_create(unsigned int&, unsigned int)
 .text._ZNSt7__cxx1112basic_stringIcSt11char_traitsIcESaIcEE9_M_mutateEjjPKcj
                0x0000000008002e3c       0xb8 d:/devkitpro/devkitarm/bin/../lib/gcc/arm-none-eabi/11.1.0/../../../../arm-none-eabi/lib/thumb\libstdc++.a(string-inst.o)
                0x0000000008002e3c                std::__cxx11::basic_string<char, std::char_traits<char>, std::allocator<char> >::_M_mutate(unsigned int, unsigned int, char const*, unsigned int)
 .text._ZNSt7__cxx1112basic_stringIcSt11char_traitsIcESaIcEE9_M_appendEPKcj
                0x0000000008002ef4       0x58 d:/devkitpro/devkitarm/bin/../lib/gcc/arm-none-eabi/11.1.0/../../../../arm-none-eabi/lib/thumb\libstdc++.a(string-inst.o)
                0x0000000008002ef4                std::__cxx11::basic_string<char, std::char_traits<char>, std::allocator<char> >::_M_append(char const*, unsigned int)
 .text._ZNKSt9bad_alloc4whatEv
                0x0000000008002f4c        0x8 d:/devkitpro/devkitarm/bin/../lib/gcc/arm-none-eabi/11.1.0/../../../../arm-none-eabi/lib/thumb\libstdc++.a(bad_alloc.o)
                0x0000000008002f4c                std::bad_alloc::what() const
 .text._ZNSt9bad_allocD2Ev
                0x0000000008002f54       0x1c d:/devkitpro/devkitarm/bin/../lib/gcc/arm-none-eabi/11.1.0/../../../../arm-none-eabi/lib/thumb\libstdc++.a(bad_alloc.o)
                0x0000000008002f54                std::bad_alloc::~bad_alloc()
                0x0000000008002f54                std::bad_alloc::~bad_alloc()
 .text._ZNSt9bad_allocD0Ev
                0x0000000008002f70       0x24 d:/devkitpro/devkitarm/bin/../lib/gcc/arm-none-eabi/11.1.0/../../../../arm-none-eabi/lib/thumb\libstdc++.a(bad_alloc.o)
                0x0000000008002f70                std::bad_alloc::~bad_alloc()
 .text._ZNKSt20bad_array_new_length4whatEv
                0x0000000008002f94        0x8 d:/devkitpro/devkitarm/bin/../lib/gcc/arm-none-eabi/11.1.0/../../../../arm-none-eabi/lib/thumb\libstdc++.a(bad_array_new.o)
                0x0000000008002f94                std::bad_array_new_length::what() const
 .text._ZNSt20bad_array_new_lengthD2Ev
                0x0000000008002f9c       0x1c d:/devkitpro/devkitarm/bin/../lib/gcc/arm-none-eabi/11.1.0/../../../../arm-none-eabi/lib/thumb\libstdc++.a(bad_array_new.o)
                0x0000000008002f9c                std::bad_array_new_length::~bad_array_new_length()
                0x0000000008002f9c                std::bad_array_new_length::~bad_array_new_length()
 .text._ZNSt20bad_array_new_lengthD0Ev
                0x0000000008002fb8       0x24 d:/devkitpro/devkitarm/bin/../lib/gcc/arm-none-eabi/11.1.0/../../../../arm-none-eabi/lib/thumb\libstdc++.a(bad_array_new.o)
                0x0000000008002fb8                std::bad_array_new_length::~bad_array_new_length()
 .text._ZdlPv   0x0000000008002fdc        0xc d:/devkitpro/devkitarm/bin/../lib/gcc/arm-none-eabi/11.1.0/../../../../arm-none-eabi/lib/thumb\libstdc++.a(del_op.o)
                0x0000000008002fdc                operator delete(void*)
 .text._ZN12_GLOBAL__N_14pool4freeEPv.constprop.0
                0x0000000008002fe8       0x7c d:/devkitpro/devkitarm/bin/../lib/gcc/arm-none-eabi/11.1.0/../../../../arm-none-eabi/lib/thumb\libstdc++.a(eh_alloc.o)
 .text._ZN12_GLOBAL__N_14pool8allocateEj.constprop.0
                0x0000000008003064       0x54 d:/devkitpro/devkitarm/bin/../lib/gcc/arm-none-eabi/11.1.0/../../../../arm-none-eabi/lib/thumb\libstdc++.a(eh_alloc.o)
 .text.__cxa_allocate_exception
                0x00000000080030b8       0x30 d:/devkitpro/devkitarm/bin/../lib/gcc/arm-none-eabi/11.1.0/../../../../arm-none-eabi/lib/thumb\libstdc++.a(eh_alloc.o)
                0x00000000080030b8                __cxa_allocate_exception
 .text.__cxa_free_exception
                0x00000000080030e8       0x28 d:/devkitpro/devkitarm/bin/../lib/gcc/arm-none-eabi/11.1.0/../../../../arm-none-eabi/lib/thumb\libstdc++.a(eh_alloc.o)
                0x00000000080030e8                __cxa_free_exception
 .text.startup._GLOBAL__sub_I__ZN9__gnu_cxx9__freeresEv
                0x0000000008003110       0x30 d:/devkitpro/devkitarm/bin/../lib/gcc/arm-none-eabi/11.1.0/../../../../arm-none-eabi/lib/thumb\libstdc++.a(eh_alloc.o)
 .text.__cxa_end_cleanup
                0x0000000008003140        0xc d:/devkitpro/devkitarm/bin/../lib/gcc/arm-none-eabi/11.1.0/../../../../arm-none-eabi/lib/thumb\libstdc++.a(eh_arm.o)
                0x0000000008003140                __cxa_end_cleanup
 .text.__cxa_type_match
                0x000000000800314c       0xc8 d:/devkitpro/devkitarm/bin/../lib/gcc/arm-none-eabi/11.1.0/../../../../arm-none-eabi/lib/thumb\libstdc++.a(eh_arm.o)
                0x000000000800314c                __cxa_type_match
 .text.__cxa_begin_cleanup
                0x0000000008003214       0x64 d:/devkitpro/devkitarm/bin/../lib/gcc/arm-none-eabi/11.1.0/../../../../arm-none-eabi/lib/thumb\libstdc++.a(eh_arm.o)
                0x0000000008003214                __cxa_begin_cleanup
 .text.__gnu_end_cleanup
                0x0000000008003278       0x74 d:/devkitpro/devkitarm/bin/../lib/gcc/arm-none-eabi/11.1.0/../../../../arm-none-eabi/lib/thumb\libstdc++.a(eh_arm.o)
                0x0000000008003278                __gnu_end_cleanup
 .text.__cxa_begin_catch
                0x00000000080032ec       0x78 d:/devkitpro/devkitarm/bin/../lib/gcc/arm-none-eabi/11.1.0/../../../../arm-none-eabi/lib/thumb\libstdc++.a(eh_catch.o)
                0x00000000080032ec                __cxa_begin_catch
 .text.__cxa_end_catch
                0x0000000008003364       0x94 d:/devkitpro/devkitarm/bin/../lib/gcc/arm-none-eabi/11.1.0/../../../../arm-none-eabi/lib/thumb\libstdc++.a(eh_catch.o)
                0x0000000008003364                __cxa_end_catch
 .text._ZNSt9exceptionD2Ev
                0x00000000080033f8        0x4 d:/devkitpro/devkitarm/bin/../lib/gcc/arm-none-eabi/11.1.0/../../../../arm-none-eabi/lib/thumb\libstdc++.a(eh_exception.o)
                0x00000000080033f8                std::exception::~exception()
                0x00000000080033f8                std::exception::~exception()
 .text._ZNSt13bad_exceptionD2Ev
                0x00000000080033fc        0x4 d:/devkitpro/devkitarm/bin/../lib/gcc/arm-none-eabi/11.1.0/../../../../arm-none-eabi/lib/thumb\libstdc++.a(eh_exception.o)
                0x00000000080033fc                std::bad_exception::~bad_exception()
                0x00000000080033fc                std::bad_exception::~bad_exception()
 .text._ZNKSt13bad_exception4whatEv
                0x0000000008003400        0x8 d:/devkitpro/devkitarm/bin/../lib/gcc/arm-none-eabi/11.1.0/../../../../arm-none-eabi/lib/thumb\libstdc++.a(eh_exception.o)
                0x0000000008003400                std::bad_exception::what() const
                0x0000000008003400                transaction clone for std::bad_exception::what() const
 .text._ZNSt13bad_exceptionD0Ev
                0x0000000008003408       0x14 d:/devkitpro/devkitarm/bin/../lib/gcc/arm-none-eabi/11.1.0/../../../../arm-none-eabi/lib/thumb\libstdc++.a(eh_exception.o)
                0x0000000008003408                std::bad_exception::~bad_exception()
 .text.__cxa_get_globals_fast
                0x000000000800341c        0x8 d:/devkitpro/devkitarm/bin/../lib/gcc/arm-none-eabi/11.1.0/../../../../arm-none-eabi/lib/thumb\libstdc++.a(eh_globals.o)
                0x000000000800341c                __cxa_get_globals_fast
 .text.__cxa_get_globals
                0x0000000008003424        0x8 d:/devkitpro/devkitarm/bin/../lib/gcc/arm-none-eabi/11.1.0/../../../../arm-none-eabi/lib/thumb\libstdc++.a(eh_globals.o)
                0x0000000008003424                __cxa_get_globals
 .text._ZL28read_encoded_value_with_basehjPKhPj
                0x000000000800342c      0x110 d:/devkitpro/devkitarm/bin/../lib/gcc/arm-none-eabi/11.1.0/../../../../arm-none-eabi/lib/thumb\libstdc++.a(eh_personality.o)
 .text._ZL21base_of_encoded_valuehP15_Unwind_Context
                0x000000000800353c       0x4c d:/devkitpro/devkitarm/bin/../lib/gcc/arm-none-eabi/11.1.0/../../../../arm-none-eabi/lib/thumb\libstdc++.a(eh_personality.o)
 .text._ZL17parse_lsda_headerP15_Unwind_ContextPKhP16lsda_header_info
                0x0000000008003588       0x94 d:/devkitpro/devkitarm/bin/../lib/gcc/arm-none-eabi/11.1.0/../../../../arm-none-eabi/lib/thumb\libstdc++.a(eh_personality.o)
 .text.__gxx_personality_v0
                0x000000000800361c      0x4bc d:/devkitpro/devkitarm/bin/../lib/gcc/arm-none-eabi/11.1.0/../../../../arm-none-eabi/lib/thumb\libstdc++.a(eh_personality.o)
                0x000000000800361c                __gxx_personality_v0
 .text._ZN10__cxxabiv111__terminateEPFvvE
                0x0000000008003ad8       0x14 d:/devkitpro/devkitarm/bin/../lib/gcc/arm-none-eabi/11.1.0/../../../../arm-none-eabi/lib/thumb\libstdc++.a(eh_terminate.o)
                0x0000000008003ad8                __cxxabiv1::__terminate(void (*)())
 .text._ZSt9terminatev
                0x0000000008003aec       0x10 d:/devkitpro/devkitarm/bin/../lib/gcc/arm-none-eabi/11.1.0/../../../../arm-none-eabi/lib/thumb\libstdc++.a(eh_terminate.o)
                0x0000000008003aec                std::terminate()
 .text._ZN10__cxxabiv112__unexpectedEPFvvE
                0x0000000008003afc        0xc d:/devkitpro/devkitarm/bin/../lib/gcc/arm-none-eabi/11.1.0/../../../../arm-none-eabi/lib/thumb\libstdc++.a(eh_terminate.o)
                0x0000000008003afc                __cxxabiv1::__unexpected(void (*)())
 .text._ZSt10unexpectedv
                0x0000000008003b08       0x10 d:/devkitpro/devkitarm/bin/../lib/gcc/arm-none-eabi/11.1.0/../../../../arm-none-eabi/lib/thumb\libstdc++.a(eh_terminate.o)
                0x0000000008003b08                std::unexpected()
 .text._ZSt13get_terminatev
                0x0000000008003b18        0xc d:/devkitpro/devkitarm/bin/../lib/gcc/arm-none-eabi/11.1.0/../../../../arm-none-eabi/lib/thumb\libstdc++.a(eh_terminate.o)
                0x0000000008003b18                std::get_terminate()
 .text._ZSt14get_unexpectedv
                0x0000000008003b24        0xc d:/devkitpro/devkitarm/bin/../lib/gcc/arm-none-eabi/11.1.0/../../../../arm-none-eabi/lib/thumb\libstdc++.a(eh_terminate.o)
                0x0000000008003b24                std::get_unexpected()
 .text._ZL23__gxx_exception_cleanup19_Unwind_Reason_CodeP21_Unwind_Control_Block
                0x0000000008003b30       0x3c d:/devkitpro/devkitarm/bin/../lib/gcc/arm-none-eabi/11.1.0/../../../../arm-none-eabi/lib/thumb\libstdc++.a(eh_throw.o)
 .text.__cxa_init_primary_exception
                0x0000000008003b6c       0x50 d:/devkitpro/devkitarm/bin/../lib/gcc/arm-none-eabi/11.1.0/../../../../arm-none-eabi/lib/thumb\libstdc++.a(eh_throw.o)
                0x0000000008003b6c                __cxa_init_primary_exception
 .text.__cxa_throw
                0x0000000008003bbc       0x34 d:/devkitpro/devkitarm/bin/../lib/gcc/arm-none-eabi/11.1.0/../../../../arm-none-eabi/lib/thumb\libstdc++.a(eh_throw.o)
                0x0000000008003bbc                __cxa_throw
 .text.__cxa_rethrow
                0x0000000008003bf0       0x70 d:/devkitpro/devkitarm/bin/../lib/gcc/arm-none-eabi/11.1.0/../../../../arm-none-eabi/lib/thumb\libstdc++.a(eh_throw.o)
                0x0000000008003bf0                __cxa_rethrow
 .text._ZSt15get_new_handlerv
                0x0000000008003c60        0xc d:/devkitpro/devkitarm/bin/../lib/gcc/arm-none-eabi/11.1.0/../../../../arm-none-eabi/lib/thumb\libstdc++.a(new_handler.o)
                0x0000000008003c60                std::get_new_handler()
 .text._ZN10__cxxabiv120__si_class_type_infoD2Ev
                0x0000000008003c6c       0x1c d:/devkitpro/devkitarm/bin/../lib/gcc/arm-none-eabi/11.1.0/../../../../arm-none-eabi/lib/thumb\libstdc++.a(si_class_type_info.o)
                0x0000000008003c6c                __cxxabiv1::__si_class_type_info::~__si_class_type_info()
                0x0000000008003c6c                __cxxabiv1::__si_class_type_info::~__si_class_type_info()
 .text._ZN10__cxxabiv120__si_class_type_infoD0Ev
                0x0000000008003c88       0x24 d:/devkitpro/devkitarm/bin/../lib/gcc/arm-none-eabi/11.1.0/../../../../arm-none-eabi/lib/thumb\libstdc++.a(si_class_type_info.o)
                0x0000000008003c88                __cxxabiv1::__si_class_type_info::~__si_class_type_info()
 .text._ZNK10__cxxabiv120__si_class_type_info20__do_find_public_srcEiPKvPKNS_17__class_type_infoES2_
                0x0000000008003cac       0x40 d:/devkitpro/devkitarm/bin/../lib/gcc/arm-none-eabi/11.1.0/../../../../arm-none-eabi/lib/thumb\libstdc++.a(si_class_type_info.o)
                0x0000000008003cac                __cxxabiv1::__si_class_type_info::__do_find_public_src(int, void const*, __cxxabiv1::__class_type_info const*, void const*) const
 .text._ZNK10__cxxabiv120__si_class_type_info12__do_dyncastEiNS_17__class_type_info10__sub_kindEPKS1_PKvS4_S6_RNS1_16__dyncast_resultE
                0x0000000008003cec       0xa4 d:/devkitpro/devkitarm/bin/../lib/gcc/arm-none-eabi/11.1.0/../../../../arm-none-eabi/lib/thumb\libstdc++.a(si_class_type_info.o)
                0x0000000008003cec                __cxxabiv1::__si_class_type_info::__do_dyncast(int, __cxxabiv1::__class_type_info::__sub_kind, __cxxabiv1::__class_type_info const*, void const*, __cxxabiv1::__class_type_info const*, void const*, __cxxabiv1::__class_type_info::__dyncast_result&) const
 .text._ZNK10__cxxabiv120__si_class_type_info11__do_upcastEPKNS_17__class_type_infoEPKvRNS1_15__upcast_resultE
                0x0000000008003d90       0x2c d:/devkitpro/devkitarm/bin/../lib/gcc/arm-none-eabi/11.1.0/../../../../arm-none-eabi/lib/thumb\libstdc++.a(si_class_type_info.o)
                0x0000000008003d90                __cxxabiv1::__si_class_type_info::__do_upcast(__cxxabiv1::__class_type_info const*, void const*, __cxxabiv1::__class_type_info::__upcast_result&) const
 .text._ZNSt9type_infoD2Ev
                0x0000000008003dbc        0x4 d:/devkitpro/devkitarm/bin/../lib/gcc/arm-none-eabi/11.1.0/../../../../arm-none-eabi/lib/thumb\libstdc++.a(tinfo.o)
                0x0000000008003dbc                std::type_info::~type_info()
                0x0000000008003dbc                std::type_info::~type_info()
 .text._ZNKSt9type_info14__is_pointer_pEv
                0x0000000008003dc0        0x4 d:/devkitpro/devkitarm/bin/../lib/gcc/arm-none-eabi/11.1.0/../../../../arm-none-eabi/lib/thumb\libstdc++.a(tinfo.o)
                0x0000000008003dc0                std::type_info::__is_pointer_p() const
                0x0000000008003dc0                std::type_info::__is_function_p() const
 .text._ZNKSt9type_infoeqERKS_
                0x0000000008003dc4       0x30 d:/devkitpro/devkitarm/bin/../lib/gcc/arm-none-eabi/11.1.0/../../../../arm-none-eabi/lib/thumb\libstdc++.a(tinfo.o)
                0x0000000008003dc4                std::type_info::operator==(std::type_info const&) const
 .text._ZNKSt11logic_error4whatEv
                0x0000000008003df4        0x4 d:/devkitpro/devkitarm/bin/../lib/gcc/arm-none-eabi/11.1.0/../../../../arm-none-eabi/lib/thumb\libstdc++.a(stdexcept.o)
                0x0000000008003df4                std::logic_error::what() const
                0x0000000008003df4                std::runtime_error::what() const
 .text._ZNSt11logic_errorD2Ev
                0x0000000008003df8       0x44 d:/devkitpro/devkitarm/bin/../lib/gcc/arm-none-eabi/11.1.0/../../../../arm-none-eabi/lib/thumb\libstdc++.a(stdexcept.o)
                0x0000000008003df8                std::logic_error::~logic_error()
                0x0000000008003df8                std::logic_error::~logic_error()
 .text._ZNSt12length_errorD2Ev
                0x0000000008003e3c       0x44 d:/devkitpro/devkitarm/bin/../lib/gcc/arm-none-eabi/11.1.0/../../../../arm-none-eabi/lib/thumb\libstdc++.a(stdexcept.o)
                0x0000000008003e3c                std::length_error::~length_error()
                0x0000000008003e3c                std::length_error::~length_error()
 .text._ZNSt11logic_errorD0Ev
                0x0000000008003e80       0x4c d:/devkitpro/devkitarm/bin/../lib/gcc/arm-none-eabi/11.1.0/../../../../arm-none-eabi/lib/thumb\libstdc++.a(stdexcept.o)
                0x0000000008003e80                std::logic_error::~logic_error()
 .text._ZNSt12length_errorD0Ev
                0x0000000008003ecc       0x4c d:/devkitpro/devkitarm/bin/../lib/gcc/arm-none-eabi/11.1.0/../../../../arm-none-eabi/lib/thumb\libstdc++.a(stdexcept.o)
                0x0000000008003ecc                std::length_error::~length_error()
 .text._ZNSt11logic_errorC2EPKc
                0x0000000008003f18       0x8c d:/devkitpro/devkitarm/bin/../lib/gcc/arm-none-eabi/11.1.0/../../../../arm-none-eabi/lib/thumb\libstdc++.a(cow-stdexcept.o)
                0x0000000008003f18                std::logic_error::logic_error(char const*)
                0x0000000008003f18                std::logic_error::logic_error(char const*)
 .text._ZNSt12length_errorC2EPKc
                0x0000000008003fa4       0x18 d:/devkitpro/devkitarm/bin/../lib/gcc/arm-none-eabi/11.1.0/../../../../arm-none-eabi/lib/thumb\libstdc++.a(cow-stdexcept.o)
                0x0000000008003fa4                std::length_error::length_error(char const*)
                0x0000000008003fa4                std::length_error::length_error(char const*)
 .text._ZNSs4_Rep9_S_createEjjRKSaIcE
                0x0000000008003fbc       0x64 d:/devkitpro/devkitarm/bin/../lib/gcc/arm-none-eabi/11.1.0/../../../../arm-none-eabi/lib/thumb\libstdc++.a(cow-string-inst.o)
                0x0000000008003fbc                std::string::_Rep::_S_create(unsigned int, unsigned int, std::allocator<char> const&)
 .text._ZNSs4_Rep10_M_destroyERKSaIcE
                0x0000000008004020        0xc d:/devkitpro/devkitarm/bin/../lib/gcc/arm-none-eabi/11.1.0/../../../../arm-none-eabi/lib/thumb\libstdc++.a(cow-string-inst.o)
                0x0000000008004020                std::string::_Rep::_M_destroy(std::allocator<char> const&)
 .text._ZNK10__cxxabiv117__class_type_info11__do_upcastEPKS0_PPv
                0x000000000800402c       0x3c d:/devkitpro/devkitarm/bin/../lib/gcc/arm-none-eabi/11.1.0/../../../../arm-none-eabi/lib/thumb\libstdc++.a(class_type_info.o)
                0x000000000800402c                __cxxabiv1::__class_type_info::__do_upcast(__cxxabiv1::__class_type_info const*, void**) const
 .text._ZNK10__cxxabiv117__class_type_info20__do_find_public_srcEiPKvPKS0_S2_
                0x0000000008004068       0x14 d:/devkitpro/devkitarm/bin/../lib/gcc/arm-none-eabi/11.1.0/../../../../arm-none-eabi/lib/thumb\libstdc++.a(class_type_info.o)
                0x0000000008004068                __cxxabiv1::__class_type_info::__do_find_public_src(int, void const*, __cxxabiv1::__class_type_info const*, void const*) const
 .text._ZN10__cxxabiv117__class_type_infoD2Ev
                0x000000000800407c       0x1c d:/devkitpro/devkitarm/bin/../lib/gcc/arm-none-eabi/11.1.0/../../../../arm-none-eabi/lib/thumb\libstdc++.a(class_type_info.o)
                0x000000000800407c                __cxxabiv1::__class_type_info::~__class_type_info()
                0x000000000800407c                __cxxabiv1::__class_type_info::~__class_type_info()
 .text._ZN10__cxxabiv117__class_type_infoD0Ev
                0x0000000008004098       0x24 d:/devkitpro/devkitarm/bin/../lib/gcc/arm-none-eabi/11.1.0/../../../../arm-none-eabi/lib/thumb\libstdc++.a(class_type_info.o)
                0x0000000008004098                __cxxabiv1::__class_type_info::~__class_type_info()
 .text._ZNK10__cxxabiv117__class_type_info12__do_dyncastEiNS0_10__sub_kindEPKS0_PKvS3_S5_RNS0_16__dyncast_resultE
                0x00000000080040bc       0x44 d:/devkitpro/devkitarm/bin/../lib/gcc/arm-none-eabi/11.1.0/../../../../arm-none-eabi/lib/thumb\libstdc++.a(class_type_info.o)
                0x00000000080040bc                __cxxabiv1::__class_type_info::__do_dyncast(int, __cxxabiv1::__class_type_info::__sub_kind, __cxxabiv1::__class_type_info const*, void const*, __cxxabiv1::__class_type_info const*, void const*, __cxxabiv1::__class_type_info::__dyncast_result&) const
 .text._ZNK10__cxxabiv117__class_type_info11__do_upcastEPKS0_PKvRNS0_15__upcast_resultE
                0x0000000008004100       0x20 d:/devkitpro/devkitarm/bin/../lib/gcc/arm-none-eabi/11.1.0/../../../../arm-none-eabi/lib/thumb\libstdc++.a(class_type_info.o)
                0x0000000008004100                __cxxabiv1::__class_type_info::__do_upcast(__cxxabiv1::__class_type_info const*, void const*, __cxxabiv1::__class_type_info::__upcast_result&) const
 .text._ZNK10__cxxabiv117__class_type_info10__do_catchEPKSt9type_infoPPvj
                0x0000000008004120       0x2c d:/devkitpro/devkitarm/bin/../lib/gcc/arm-none-eabi/11.1.0/../../../../arm-none-eabi/lib/thumb\libstdc++.a(class_type_info.o)
                0x0000000008004120                __cxxabiv1::__class_type_info::__do_catch(std::type_info const*, void**, unsigned int) const
 .text._ZN10__cxxabiv1L24__is_gxx_exception_classEPc
                0x000000000800414c       0x3c d:/devkitpro/devkitarm/bin/../lib/gcc/arm-none-eabi/11.1.0/../../../../arm-none-eabi/lib/thumb\libstdc++.a(eh_call.o)
 .text.__cxa_call_terminate
                0x0000000008004188       0x20 d:/devkitpro/devkitarm/bin/../lib/gcc/arm-none-eabi/11.1.0/../../../../arm-none-eabi/lib/thumb\libstdc++.a(eh_call.o)
                0x0000000008004188                __cxa_call_terminate
 .text.unlikely.__cxa_call_unexpected
                0x00000000080041a8      0x104 d:/devkitpro/devkitarm/bin/../lib/gcc/arm-none-eabi/11.1.0/../../../../arm-none-eabi/lib/thumb\libstdc++.a(eh_call.o)
                0x00000000080041a8                __cxa_call_unexpected
 .text.floor    0x00000000080042ac      0x130 d:/devkitpro/devkitarm/bin/../lib/gcc/arm-none-eabi/11.1.0/../../../../arm-none-eabi/lib/thumb\libm.a(lib_a-s_floor.o)
                0x00000000080042ac                floor
 .text          0x00000000080043dc      0x198 d:/devkitpro/devkitarm/bin/../lib/gcc/arm-none-eabi/11.1.0/thumb\libgcc.a(_arm_mulsf3.o)
                0x00000000080043dc                __aeabi_fmul
                0x00000000080043dc                __mulsf3
 .text          0x0000000008004574      0x150 d:/devkitpro/devkitarm/bin/../lib/gcc/arm-none-eabi/11.1.0/thumb\libgcc.a(_divsi3.o)
                0x0000000008004574                __divsi3
                0x0000000008004574                __aeabi_idiv
                0x00000000080046a4                __aeabi_idivmod
 .text          0x00000000080046c4        0x4 d:/devkitpro/devkitarm/bin/../lib/gcc/arm-none-eabi/11.1.0/thumb\libgcc.a(_dvmd_tls.o)
                0x00000000080046c4                __aeabi_idiv0
                0x00000000080046c4                __aeabi_ldiv0
 .text          0x00000000080046c8      0x424 d:/devkitpro/devkitarm/bin/../lib/gcc/arm-none-eabi/11.1.0/thumb\libgcc.a(_arm_addsubdf3.o)
                0x00000000080046c8                __aeabi_drsub
                0x00000000080046d0                __aeabi_dsub
                0x00000000080046d0                __subdf3
                0x00000000080046d4                __aeabi_dadd
                0x00000000080046d4                __adddf3
                0x00000000080049e4                __floatunsidf
                0x00000000080049e4                __aeabi_ui2d
                0x0000000008004a08                __floatsidf
                0x0000000008004a08                __aeabi_i2d
                0x0000000008004a30                __aeabi_f2d
                0x0000000008004a30                __extendsfdf2
                0x0000000008004a78                __floatundidf
                0x0000000008004a78                __aeabi_ul2d
                0x0000000008004a8c                __floatdidf
                0x0000000008004a8c                __aeabi_l2d
 .text          0x0000000008004aec      0x49c d:/devkitpro/devkitarm/bin/../lib/gcc/arm-none-eabi/11.1.0/thumb\libgcc.a(_arm_muldivdf3.o)
                0x0000000008004aec                __aeabi_dmul
                0x0000000008004aec                __muldf3
                0x0000000008004d7c                __divdf3
                0x0000000008004d7c                __aeabi_ddiv
 .text          0x0000000008004f88      0x144 d:/devkitpro/devkitarm/bin/../lib/gcc/arm-none-eabi/11.1.0/thumb\libgcc.a(_arm_cmpdf2.o)
                0x0000000008004f88                __gtdf2
                0x0000000008004f88                __gedf2
                0x0000000008004f90                __ltdf2
                0x0000000008004f90                __ledf2
                0x0000000008004f98                __nedf2
                0x0000000008004f98                __eqdf2
                0x0000000008004f98                __cmpdf2
                0x0000000008005020                __aeabi_cdrcmple
                0x000000000800503c                __aeabi_cdcmpeq
                0x000000000800503c                __aeabi_cdcmple
                0x0000000008005054                __aeabi_dcmpeq
                0x000000000800506c                __aeabi_dcmplt
                0x0000000008005084                __aeabi_dcmple
                0x000000000800509c                __aeabi_dcmpge
                0x00000000080050b4                __aeabi_dcmpgt
 .text          0x00000000080050cc      0x2ac d:/devkitpro/devkitarm/bin/../lib/gcc/arm-none-eabi/11.1.0/thumb\libgcc.a(_arm_addsubsf3.o)
                0x00000000080050cc                __aeabi_frsub
                0x00000000080050d4                __subsf3
                0x00000000080050d4                __aeabi_fsub
                0x00000000080050d8                __aeabi_fadd
                0x00000000080050d8                __addsf3
                0x0000000008005294                __aeabi_ui2f
                0x0000000008005294                __floatunsisf
                0x000000000800529c                __aeabi_i2f
                0x000000000800529c                __floatsisf
                0x00000000080052bc                __aeabi_ul2f
                0x00000000080052bc                __floatundisf
                0x00000000080052cc                __aeabi_l2f
                0x00000000080052cc                __floatdisf
 .text          0x0000000008005378       0x54 d:/devkitpro/devkitarm/bin/../lib/gcc/arm-none-eabi/11.1.0/thumb\libgcc.a(_arm_fixunssfsi.o)
                0x0000000008005378                __fixunssfsi
                0x0000000008005378                __aeabi_f2uiz
 .text.selfrel_offset31
                0x00000000080053cc       0x18 d:/devkitpro/devkitarm/bin/../lib/gcc/arm-none-eabi/11.1.0/thumb\libgcc.a(unwind-arm.o)
 .text.search_EIT_table
                0x00000000080053e4       0x74 d:/devkitpro/devkitarm/bin/../lib/gcc/arm-none-eabi/11.1.0/thumb\libgcc.a(unwind-arm.o)
 .text.__gnu_unwind_get_pr_addr
                0x0000000008005458       0x2c d:/devkitpro/devkitarm/bin/../lib/gcc/arm-none-eabi/11.1.0/thumb\libgcc.a(unwind-arm.o)
 .text.get_eit_entry
                0x0000000008005484       0x98 d:/devkitpro/devkitarm/bin/../lib/gcc/arm-none-eabi/11.1.0/thumb\libgcc.a(unwind-arm.o)
 .text.restore_non_core_regs
                0x000000000800551c       0x5c d:/devkitpro/devkitarm/bin/../lib/gcc/arm-none-eabi/11.1.0/thumb\libgcc.a(unwind-arm.o)
 .text._Unwind_decode_typeinfo_ptr.constprop.0
                0x0000000008005578        0xc d:/devkitpro/devkitarm/bin/../lib/gcc/arm-none-eabi/11.1.0/thumb\libgcc.a(unwind-arm.o)
 .text._Unwind_DebugHook
                0x0000000008005584        0x4 d:/devkitpro/devkitarm/bin/../lib/gcc/arm-none-eabi/11.1.0/thumb\libgcc.a(unwind-arm.o)
 .text.unwind_phase2
                0x0000000008005588       0x40 d:/devkitpro/devkitarm/bin/../lib/gcc/arm-none-eabi/11.1.0/thumb\libgcc.a(unwind-arm.o)
 .text.unwind_phase2_forced
                0x00000000080055c8       0xd8 d:/devkitpro/devkitarm/bin/../lib/gcc/arm-none-eabi/11.1.0/thumb\libgcc.a(unwind-arm.o)
 .text.__gnu_Unwind_RaiseException
                0x00000000080056a0       0x58 d:/devkitpro/devkitarm/bin/../lib/gcc/arm-none-eabi/11.1.0/thumb\libgcc.a(unwind-arm.o)
                0x00000000080056a0                __gnu_Unwind_RaiseException
 .text.__gnu_Unwind_ForcedUnwind
                0x00000000080056f8       0x18 d:/devkitpro/devkitarm/bin/../lib/gcc/arm-none-eabi/11.1.0/thumb\libgcc.a(unwind-arm.o)
                0x00000000080056f8                __gnu_Unwind_ForcedUnwind
 .text.__gnu_Unwind_Resume
                0x0000000008005710       0x4c d:/devkitpro/devkitarm/bin/../lib/gcc/arm-none-eabi/11.1.0/thumb\libgcc.a(unwind-arm.o)
                0x0000000008005710                __gnu_Unwind_Resume
 .text.__gnu_Unwind_Resume_or_Rethrow
                0x000000000800575c       0x20 d:/devkitpro/devkitarm/bin/../lib/gcc/arm-none-eabi/11.1.0/thumb\libgcc.a(unwind-arm.o)
                0x000000000800575c                __gnu_Unwind_Resume_or_Rethrow
 .text._Unwind_Complete
                0x000000000800577c        0x4 d:/devkitpro/devkitarm/bin/../lib/gcc/arm-none-eabi/11.1.0/thumb\libgcc.a(unwind-arm.o)
                0x000000000800577c                _Unwind_Complete
 .text._Unwind_DeleteException
                0x0000000008005780       0x18 d:/devkitpro/devkitarm/bin/../lib/gcc/arm-none-eabi/11.1.0/thumb\libgcc.a(unwind-arm.o)
                0x0000000008005780                _Unwind_DeleteException
 .text._Unwind_VRS_Get
                0x0000000008005798       0x38 d:/devkitpro/devkitarm/bin/../lib/gcc/arm-none-eabi/11.1.0/thumb\libgcc.a(unwind-arm.o)
                0x0000000008005798                _Unwind_VRS_Get
 .text._Unwind_GetGR
                0x00000000080057d0       0x1c d:/devkitpro/devkitarm/bin/../lib/gcc/arm-none-eabi/11.1.0/thumb\libgcc.a(unwind-arm.o)
 .text._Unwind_VRS_Set
                0x00000000080057ec       0x38 d:/devkitpro/devkitarm/bin/../lib/gcc/arm-none-eabi/11.1.0/thumb\libgcc.a(unwind-arm.o)
                0x00000000080057ec                _Unwind_VRS_Set
 .text._Unwind_SetGR
                0x0000000008005824       0x1c d:/devkitpro/devkitarm/bin/../lib/gcc/arm-none-eabi/11.1.0/thumb\libgcc.a(unwind-arm.o)
 .text.__gnu_Unwind_Backtrace
                0x0000000008005840       0x78 d:/devkitpro/devkitarm/bin/../lib/gcc/arm-none-eabi/11.1.0/thumb\libgcc.a(unwind-arm.o)
                0x0000000008005840                __gnu_Unwind_Backtrace
 .text.__gnu_unwind_pr_common
                0x00000000080058b8      0x2d0 d:/devkitpro/devkitarm/bin/../lib/gcc/arm-none-eabi/11.1.0/thumb\libgcc.a(unwind-arm.o)
 .text.__aeabi_unwind_cpp_pr0
                0x0000000008005b88       0x10 d:/devkitpro/devkitarm/bin/../lib/gcc/arm-none-eabi/11.1.0/thumb\libgcc.a(unwind-arm.o)
                0x0000000008005b88                __aeabi_unwind_cpp_pr0
 .text.__aeabi_unwind_cpp_pr1
                0x0000000008005b98       0x10 d:/devkitpro/devkitarm/bin/../lib/gcc/arm-none-eabi/11.1.0/thumb\libgcc.a(unwind-arm.o)
                0x0000000008005b98                __aeabi_unwind_cpp_pr1
 .text.__aeabi_unwind_cpp_pr2
                0x0000000008005ba8       0x10 d:/devkitpro/devkitarm/bin/../lib/gcc/arm-none-eabi/11.1.0/thumb\libgcc.a(unwind-arm.o)
                0x0000000008005ba8                __aeabi_unwind_cpp_pr2
 .text._Unwind_VRS_Pop
                0x0000000008005bb8      0x2c8 d:/devkitpro/devkitarm/bin/../lib/gcc/arm-none-eabi/11.1.0/thumb\libgcc.a(unwind-arm.o)
                0x0000000008005bb8                _Unwind_VRS_Pop
 .text          0x0000000008005e80      0x1d8 d:/devkitpro/devkitarm/bin/../lib/gcc/arm-none-eabi/11.1.0/thumb\libgcc.a(libunwind.o)
                0x0000000008005e80                __restore_core_regs
                0x0000000008005e80                restore_core_regs
                0x0000000008005e9c                __gnu_Unwind_Restore_VFP
                0x0000000008005ea4                __gnu_Unwind_Save_VFP
                0x0000000008005eac                __gnu_Unwind_Restore_VFP_D
                0x0000000008005eb4                __gnu_Unwind_Save_VFP_D
                0x0000000008005ebc                __gnu_Unwind_Restore_VFP_D_16_to_31
                0x0000000008005ec4                __gnu_Unwind_Save_VFP_D_16_to_31
                0x0000000008005ecc                __gnu_Unwind_Restore_WMMXD
                0x0000000008005f10                __gnu_Unwind_Save_WMMXD
                0x0000000008005f54                __gnu_Unwind_Restore_WMMXC
                0x0000000008005f68                __gnu_Unwind_Save_WMMXC
                0x0000000008005f7c                ___Unwind_RaiseException
                0x0000000008005f7c                _Unwind_RaiseException
                0x0000000008005fa8                _Unwind_Resume
                0x0000000008005fa8                ___Unwind_Resume
                0x0000000008005fd4                _Unwind_Resume_or_Rethrow
                0x0000000008005fd4                ___Unwind_Resume_or_Rethrow
                0x0000000008006000                _Unwind_ForcedUnwind
                0x0000000008006000                ___Unwind_ForcedUnwind
                0x000000000800602c                ___Unwind_Backtrace
                0x000000000800602c                _Unwind_Backtrace
 .text.next_unwind_byte
                0x0000000008006058       0x34 d:/devkitpro/devkitarm/bin/../lib/gcc/arm-none-eabi/11.1.0/thumb\libgcc.a(pr-support.o)
 .text._Unwind_GetGR.constprop.0
                0x000000000800608c       0x1c d:/devkitpro/devkitarm/bin/../lib/gcc/arm-none-eabi/11.1.0/thumb\libgcc.a(pr-support.o)
 .text.unwind_UCB_from_context
                0x00000000080060a8        0xc d:/devkitpro/devkitarm/bin/../lib/gcc/arm-none-eabi/11.1.0/thumb\libgcc.a(pr-support.o)
 .text.__gnu_unwind_execute
                0x00000000080060b4      0x2fc d:/devkitpro/devkitarm/bin/../lib/gcc/arm-none-eabi/11.1.0/thumb\libgcc.a(pr-support.o)
                0x00000000080060b4                __gnu_unwind_execute
 .text.__gnu_unwind_frame
                0x00000000080063b0       0x2c d:/devkitpro/devkitarm/bin/../lib/gcc/arm-none-eabi/11.1.0/thumb\libgcc.a(pr-support.o)
                0x00000000080063b0                __gnu_unwind_frame
 .text._Unwind_GetRegionStart
                0x00000000080063dc       0x10 d:/devkitpro/devkitarm/bin/../lib/gcc/arm-none-eabi/11.1.0/thumb\libgcc.a(pr-support.o)
                0x00000000080063dc                _Unwind_GetRegionStart
 .text._Unwind_GetLanguageSpecificData
                0x00000000080063ec       0x18 d:/devkitpro/devkitarm/bin/../lib/gcc/arm-none-eabi/11.1.0/thumb\libgcc.a(pr-support.o)
                0x00000000080063ec                _Unwind_GetLanguageSpecificData
 .text.unlikely._Unwind_GetDataRelBase
                0x0000000008006404        0x6 d:/devkitpro/devkitarm/bin/../lib/gcc/arm-none-eabi/11.1.0/thumb\libgcc.a(pr-support.o)
                0x0000000008006404                _Unwind_GetDataRelBase
 .text.unlikely._Unwind_GetTextRelBase
                0x000000000800640a        0x6 d:/devkitpro/devkitarm/bin/../lib/gcc/arm-none-eabi/11.1.0/thumb\libgcc.a(pr-support.o)
                0x000000000800640a                _Unwind_GetTextRelBase
 .text.abort    0x0000000008006410       0x10 d:/devkitpro/devkitarm/bin/../lib/gcc/arm-none-eabi/11.1.0/../../../../arm-none-eabi/lib/thumb\libg.a(lib_a-abort.o)
                0x0000000008006410                abort
 .text.exit     0x0000000008006420       0x28 d:/devkitpro/devkitarm/bin/../lib/gcc/arm-none-eabi/11.1.0/../../../../arm-none-eabi/lib/thumb\libg.a(lib_a-exit.o)
                0x0000000008006420                exit
 .text.__libc_init_array
                0x0000000008006448       0x50 d:/devkitpro/devkitarm/bin/../lib/gcc/arm-none-eabi/11.1.0/../../../../arm-none-eabi/lib/thumb\libg.a(lib_a-init.o)
                0x0000000008006448                __libc_init_array
 .text.malloc   0x0000000008006498       0x14 d:/devkitpro/devkitarm/bin/../lib/gcc/arm-none-eabi/11.1.0/../../../../arm-none-eabi/lib/thumb\libg.a(lib_a-malloc.o)
                0x0000000008006498                malloc
 .text.free     0x00000000080064ac       0x14 d:/devkitpro/devkitarm/bin/../lib/gcc/arm-none-eabi/11.1.0/../../../../arm-none-eabi/lib/thumb\libg.a(lib_a-malloc.o)
                0x00000000080064ac                free
 .text._malloc_r
                0x00000000080064c0      0x58c d:/devkitpro/devkitarm/bin/../lib/gcc/arm-none-eabi/11.1.0/../../../../arm-none-eabi/lib/thumb\libg.a(lib_a-mallocr.o)
                0x00000000080064c0                _malloc_r
 .text.memcpy   0x0000000008006a4c       0xa8 d:/devkitpro/devkitarm/bin/../lib/gcc/arm-none-eabi/11.1.0/../../../../arm-none-eabi/lib/thumb\libg.a(lib_a-memcpy-stub.o)
                0x0000000008006a4c                memcpy
 .text.memmove  0x0000000008006af4       0xbc d:/devkitpro/devkitarm/bin/../lib/gcc/arm-none-eabi/11.1.0/../../../../arm-none-eabi/lib/thumb\libg.a(lib_a-memmove.o)
                0x0000000008006af4                memmove
 .text.memset   0x0000000008006bb0       0xb0 d:/devkitpro/devkitarm/bin/../lib/gcc/arm-none-eabi/11.1.0/../../../../arm-none-eabi/lib/thumb\libg.a(lib_a-memset.o)
                0x0000000008006bb0                memset
 .text.__malloc_lock
                0x0000000008006c60       0x14 d:/devkitpro/devkitarm/bin/../lib/gcc/arm-none-eabi/11.1.0/../../../../arm-none-eabi/lib/thumb\libg.a(lib_a-mlock.o)
                0x0000000008006c60                __malloc_lock
 .text.__malloc_unlock
                0x0000000008006c74       0x14 d:/devkitpro/devkitarm/bin/../lib/gcc/arm-none-eabi/11.1.0/../../../../arm-none-eabi/lib/thumb\libg.a(lib_a-mlock.o)
                0x0000000008006c74                __malloc_unlock
 .text.rand     0x0000000008006c88       0x34 d:/devkitpro/devkitarm/bin/../lib/gcc/arm-none-eabi/11.1.0/../../../../arm-none-eabi/lib/thumb\libg.a(lib_a-rand.o)
                0x0000000008006c88                rand
 .text._raise_r
                0x0000000008006cbc       0x64 d:/devkitpro/devkitarm/bin/../lib/gcc/arm-none-eabi/11.1.0/../../../../arm-none-eabi/lib/thumb\libg.a(lib_a-signal.o)
                0x0000000008006cbc                _raise_r
 .text.raise    0x0000000008006d20       0x14 d:/devkitpro/devkitarm/bin/../lib/gcc/arm-none-eabi/11.1.0/../../../../arm-none-eabi/lib/thumb\libg.a(lib_a-signal.o)
                0x0000000008006d20                raise
 .text          0x0000000008006d34      0x224 d:/devkitpro/devkitarm/bin/../lib/gcc/arm-none-eabi/11.1.0/../../../../arm-none-eabi/lib/thumb\libg.a(lib_a-strcmp.o)
                0x0000000008006d34                strcmp
 .text.strlen   0x0000000008006f58       0x60 d:/devkitpro/devkitarm/bin/../lib/gcc/arm-none-eabi/11.1.0/../../../../arm-none-eabi/lib/thumb\libg.a(lib_a-strlen-stub.o)
                0x0000000008006f58                strlen
 .text.__call_exitprocs
                0x0000000008006fb8       0xf4 d:/devkitpro/devkitarm/bin/../lib/gcc/arm-none-eabi/11.1.0/../../../../arm-none-eabi/lib/thumb\libg.a(lib_a-__call_atexit.o)
                0x0000000008006fb8                __call_exitprocs
 .text._malloc_trim_r
                0x00000000080070ac       0xa0 d:/devkitpro/devkitarm/bin/../lib/gcc/arm-none-eabi/11.1.0/../../../../arm-none-eabi/lib/thumb\libg.a(lib_a-freer.o)
                0x00000000080070ac                _malloc_trim_r
 .text._free_r  0x000000000800714c      0x1d8 d:/devkitpro/devkitarm/bin/../lib/gcc/arm-none-eabi/11.1.0/../../../../arm-none-eabi/lib/thumb\libg.a(lib_a-freer.o)
                0x000000000800714c                _free_r
 .text._getpid_r
                0x0000000008007324        0xc d:/devkitpro/devkitarm/bin/../lib/gcc/arm-none-eabi/11.1.0/../../../../arm-none-eabi/lib/thumb\libsysbase.a(getpid.o)
                0x0000000008007324                _getpid_r
 .text._kill_r  0x0000000008007330        0xc d:/devkitpro/devkitarm/bin/../lib/gcc/arm-none-eabi/11.1.0/../../../../arm-none-eabi/lib/thumb\libsysbase.a(kill.o)
                0x0000000008007330                _kill_r
 .text._sbrk_r  0x000000000800733c       0x54 d:/devkitpro/devkitarm/bin/../lib/gcc/arm-none-eabi/11.1.0/../../../../arm-none-eabi/lib/thumb\libsysbase.a(sbrk.o)
                0x000000000800733c                _sbrk_r
 .text._exit    0x0000000008007390       0x18 d:/devkitpro/devkitarm/bin/../lib/gcc/arm-none-eabi/11.1.0/../../../../arm-none-eabi/lib/thumb\libsysbase.a(_exit.o)
                0x0000000008007390                _exit
 .text.__libc_lock_acquire_recursive
                0x00000000080073a8       0x1c d:/devkitpro/devkitarm/bin/../lib/gcc/arm-none-eabi/11.1.0/../../../../arm-none-eabi/lib/thumb\libsysbase.a(syscall_support.o)
                0x00000000080073a8                __libc_lock_acquire_recursive
 .text.__libc_lock_release_recursive
                0x00000000080073c4       0x1c d:/devkitpro/devkitarm/bin/../lib/gcc/arm-none-eabi/11.1.0/../../../../arm-none-eabi/lib/thumb\libsysbase.a(syscall_support.o)
                0x00000000080073c4                __libc_lock_release_recursive
 .text.__getreent
                0x00000000080073e0       0x28 d:/devkitpro/devkitarm/bin/../lib/gcc/arm-none-eabi/11.1.0/../../../../arm-none-eabi/lib/thumb\libsysbase.a(getreent.o)
                0x00000000080073e0                __getreent
 .text.__muldi3
                0x0000000008007408       0x54 d:/devkitpro/devkitarm/bin/../lib/gcc/arm-none-eabi/11.1.0/thumb\libgcc.a(_muldi3.o)
                0x0000000008007408                __muldi3
                0x0000000008007408                __aeabi_lmul
 *fill*         0x000000000800745c        0x4 ff
 .text.__muldi3.__stub
                0x0000000008007460       0xd4 linker stubs
 *(.gnu.linkonce.t.*)
 *(.text.*personality*)
 *(.gnu.warning)
 *(.glue_7t)
 .glue_7t       0x0000000008007538        0x0 linker stubs
 *(.glue_7)
 .glue_7        0x0000000008007538        0x0 linker stubs
 *(.vfp11_veneer)
 .vfp11_veneer  0x0000000008007538        0x0 linker stubs
                0x0000000008007538                . = ALIGN (0x4)
                0x0000000008007538                __text_end = .

.v4_bx          0x0000000008007538        0x0
 .v4_bx         0x0000000008007538        0x0 linker stubs

.iplt           0x0000000008007538        0x0
 .iplt          0x0000000008007538        0x0 d:/devkitpro/devkitarm/bin/../lib/gcc/arm-none-eabi/11.1.0/../../../../arm-none-eabi/lib/thumb/gba_crt0.o

.fini           0x0000000008007538        0xc
 *(.fini)
 .fini          0x0000000008007538        0x4 d:/devkitpro/devkitarm/bin/../lib/gcc/arm-none-eabi/11.1.0/thumb/crti.o
                0x0000000008007538                _fini
 .fini          0x000000000800753c        0x8 d:/devkitpro/devkitarm/bin/../lib/gcc/arm-none-eabi/11.1.0/thumb/crtn.o
                0x0000000008007544                . = ALIGN (0x4)

.rodata         0x0000000008007544      0xf4c
 *(.rodata)
 .rodata        0x0000000008007544      0x8c0 main.o
 *all.rodata*(*)
 *(.roda)
 *(.rodata.*)
 .rodata.str1.4
                0x0000000008007e04      0x31c main.o
 .rodata._ZNSt8__detail9__variant12__gen_vtableIvOZNS0_16_Variant_storageILb0EJitSt6vectorItSaItEEEE8_M_resetEvEUlOT_E_JRSt7variantIJitS5_EEEE9_S_vtableE
                0x0000000008008120        0xc main.o
                0x0000000008008120                std::__detail::__variant::__gen_vtable<void, std::__detail::__variant::_Variant_storage<false, int, unsigned short, std::vector<unsigned short, std::allocator<unsigned short> > >::_M_reset()::{lambda(auto:1&&)#1}&&, std::variant<int, unsigned short, std::vector<unsigned short, std::allocator<unsigned short> > >&>::_S_vtable
 .rodata._ZNKSt17bad_function_call4whatEv.str1.4
                0x000000000800812c       0x12 d:/devkitpro/devkitarm/bin/../lib/gcc/arm-none-eabi/11.1.0/../../../../arm-none-eabi/lib/thumb\libstdc++.a(functional.o)
 *fill*         0x000000000800813e        0x2 ff
 .rodata._ZTISt17bad_function_call
                0x0000000008008140        0xc d:/devkitpro/devkitarm/bin/../lib/gcc/arm-none-eabi/11.1.0/../../../../arm-none-eabi/lib/thumb\libstdc++.a(functional.o)
                0x0000000008008140                typeinfo for std::bad_function_call
 .rodata._ZTSSt17bad_function_call
                0x000000000800814c       0x16 d:/devkitpro/devkitarm/bin/../lib/gcc/arm-none-eabi/11.1.0/../../../../arm-none-eabi/lib/thumb\libstdc++.a(functional.o)
                0x000000000800814c                typeinfo name for std::bad_function_call
 *fill*         0x0000000008008162        0x2 ff
 .rodata._ZTVSt17bad_function_call
                0x0000000008008164       0x14 d:/devkitpro/devkitarm/bin/../lib/gcc/arm-none-eabi/11.1.0/../../../../arm-none-eabi/lib/thumb\libstdc++.a(functional.o)
                0x0000000008008164                vtable for std::bad_function_call
 .rodata._ZNSt7__cxx1112basic_stringIcSt11char_traitsIcESaIcEE9_M_createERjj.str1.4
                0x0000000008008178       0x18 d:/devkitpro/devkitarm/bin/../lib/gcc/arm-none-eabi/11.1.0/../../../../arm-none-eabi/lib/thumb\libstdc++.a(string-inst.o)
 .rodata._ZNKSt9bad_alloc4whatEv.str1.4
                0x0000000008008190        0xf d:/devkitpro/devkitarm/bin/../lib/gcc/arm-none-eabi/11.1.0/../../../../arm-none-eabi/lib/thumb\libstdc++.a(bad_alloc.o)
 *fill*         0x000000000800819f        0x1 ff
 .rodata._ZTISt9bad_alloc
                0x00000000080081a0        0xc d:/devkitpro/devkitarm/bin/../lib/gcc/arm-none-eabi/11.1.0/../../../../arm-none-eabi/lib/thumb\libstdc++.a(bad_alloc.o)
                0x00000000080081a0                typeinfo for std::bad_alloc
 .rodata._ZTSSt9bad_alloc
                0x00000000080081ac        0xd d:/devkitpro/devkitarm/bin/../lib/gcc/arm-none-eabi/11.1.0/../../../../arm-none-eabi/lib/thumb\libstdc++.a(bad_alloc.o)
                0x00000000080081ac                typeinfo name for std::bad_alloc
 *fill*         0x00000000080081b9        0x3 ff
 .rodata._ZTVSt9bad_alloc
                0x00000000080081bc       0x14 d:/devkitpro/devkitarm/bin/../lib/gcc/arm-none-eabi/11.1.0/../../../../arm-none-eabi/lib/thumb\libstdc++.a(bad_alloc.o)
                0x00000000080081bc                vtable for std::bad_alloc
 .rodata._ZNKSt20bad_array_new_length4whatEv.str1.4
                0x00000000080081d0       0x1a d:/devkitpro/devkitarm/bin/../lib/gcc/arm-none-eabi/11.1.0/../../../../arm-none-eabi/lib/thumb\libstdc++.a(bad_array_new.o)
 *fill*         0x00000000080081ea        0x2 ff
 .rodata._ZTISt20bad_array_new_length
                0x00000000080081ec        0xc d:/devkitpro/devkitarm/bin/../lib/gcc/arm-none-eabi/11.1.0/../../../../arm-none-eabi/lib/thumb\libstdc++.a(bad_array_new.o)
                0x00000000080081ec                typeinfo for std::bad_array_new_length
 .rodata._ZTSSt20bad_array_new_length
                0x00000000080081f8       0x19 d:/devkitpro/devkitarm/bin/../lib/gcc/arm-none-eabi/11.1.0/../../../../arm-none-eabi/lib/thumb\libstdc++.a(bad_array_new.o)
                0x00000000080081f8                typeinfo name for std::bad_array_new_length
 *fill*         0x0000000008008211        0x3 ff
 .rodata._ZTVSt20bad_array_new_length
                0x0000000008008214       0x14 d:/devkitpro/devkitarm/bin/../lib/gcc/arm-none-eabi/11.1.0/../../../../arm-none-eabi/lib/thumb\libstdc++.a(bad_array_new.o)
                0x0000000008008214                vtable for std::bad_array_new_length
 .rodata._ZNKSt13bad_exception4whatEv.str1.4
                0x0000000008008228       0x13 d:/devkitpro/devkitarm/bin/../lib/gcc/arm-none-eabi/11.1.0/../../../../arm-none-eabi/lib/thumb\libstdc++.a(eh_exception.o)
 *fill*         0x000000000800823b        0x1 ff
 .rodata._ZTIN10__cxxabiv115__forced_unwindE
                0x000000000800823c        0x8 d:/devkitpro/devkitarm/bin/../lib/gcc/arm-none-eabi/11.1.0/../../../../arm-none-eabi/lib/thumb\libstdc++.a(eh_exception.o)
                0x000000000800823c                typeinfo for __cxxabiv1::__forced_unwind
 .rodata._ZTIN10__cxxabiv119__foreign_exceptionE
                0x0000000008008244        0x8 d:/devkitpro/devkitarm/bin/../lib/gcc/arm-none-eabi/11.1.0/../../../../arm-none-eabi/lib/thumb\libstdc++.a(eh_exception.o)
                0x0000000008008244                typeinfo for __cxxabiv1::__foreign_exception
 .rodata._ZTISt13bad_exception
                0x000000000800824c        0xc d:/devkitpro/devkitarm/bin/../lib/gcc/arm-none-eabi/11.1.0/../../../../arm-none-eabi/lib/thumb\libstdc++.a(eh_exception.o)
                0x000000000800824c                typeinfo for std::bad_exception
 .rodata._ZTISt9exception
                0x0000000008008258        0x8 d:/devkitpro/devkitarm/bin/../lib/gcc/arm-none-eabi/11.1.0/../../../../arm-none-eabi/lib/thumb\libstdc++.a(eh_exception.o)
                0x0000000008008258                typeinfo for std::exception
 .rodata._ZTSN10__cxxabiv115__forced_unwindE
                0x0000000008008260       0x20 d:/devkitpro/devkitarm/bin/../lib/gcc/arm-none-eabi/11.1.0/../../../../arm-none-eabi/lib/thumb\libstdc++.a(eh_exception.o)
                0x0000000008008260                typeinfo name for __cxxabiv1::__forced_unwind
 .rodata._ZTSN10__cxxabiv119__foreign_exceptionE
                0x0000000008008280       0x24 d:/devkitpro/devkitarm/bin/../lib/gcc/arm-none-eabi/11.1.0/../../../../arm-none-eabi/lib/thumb\libstdc++.a(eh_exception.o)
                0x0000000008008280                typeinfo name for __cxxabiv1::__foreign_exception
 .rodata._ZTSSt13bad_exception
                0x00000000080082a4       0x12 d:/devkitpro/devkitarm/bin/../lib/gcc/arm-none-eabi/11.1.0/../../../../arm-none-eabi/lib/thumb\libstdc++.a(eh_exception.o)
                0x00000000080082a4                typeinfo name for std::bad_exception
 *fill*         0x00000000080082b6        0x2 ff
 .rodata._ZTSSt9exception
                0x00000000080082b8        0xd d:/devkitpro/devkitarm/bin/../lib/gcc/arm-none-eabi/11.1.0/../../../../arm-none-eabi/lib/thumb\libstdc++.a(eh_exception.o)
                0x00000000080082b8                typeinfo name for std::exception
 *fill*         0x00000000080082c5        0x3 ff
 .rodata._ZTVSt13bad_exception
                0x00000000080082c8       0x14 d:/devkitpro/devkitarm/bin/../lib/gcc/arm-none-eabi/11.1.0/../../../../arm-none-eabi/lib/thumb\libstdc++.a(eh_exception.o)
                0x00000000080082c8                vtable for std::bad_exception
 .rodata._ZL28read_encoded_value_with_basehjPKhPj
                0x00000000080082dc       0x34 d:/devkitpro/devkitarm/bin/../lib/gcc/arm-none-eabi/11.1.0/../../../../arm-none-eabi/lib/thumb\libstdc++.a(eh_personality.o)
 .rodata._ZTIN10__cxxabiv120__si_class_type_infoE
                0x0000000008008310        0xc d:/devkitpro/devkitarm/bin/../lib/gcc/arm-none-eabi/11.1.0/../../../../arm-none-eabi/lib/thumb\libstdc++.a(si_class_type_info.o)
                0x0000000008008310                typeinfo for __cxxabiv1::__si_class_type_info
 .rodata._ZTSN10__cxxabiv120__si_class_type_infoE
                0x000000000800831c       0x25 d:/devkitpro/devkitarm/bin/../lib/gcc/arm-none-eabi/11.1.0/../../../../arm-none-eabi/lib/thumb\libstdc++.a(si_class_type_info.o)
                0x000000000800831c                typeinfo name for __cxxabiv1::__si_class_type_info
 *fill*         0x0000000008008341        0x3 ff
 .rodata._ZTVN10__cxxabiv120__si_class_type_infoE
                0x0000000008008344       0x2c d:/devkitpro/devkitarm/bin/../lib/gcc/arm-none-eabi/11.1.0/../../../../arm-none-eabi/lib/thumb\libstdc++.a(si_class_type_info.o)
                0x0000000008008344                vtable for __cxxabiv1::__si_class_type_info
 .rodata._ZTISt9type_info
                0x0000000008008370        0x8 d:/devkitpro/devkitarm/bin/../lib/gcc/arm-none-eabi/11.1.0/../../../../arm-none-eabi/lib/thumb\libstdc++.a(tinfo.o)
                0x0000000008008370                typeinfo for std::type_info
 .rodata._ZTSSt9type_info
                0x0000000008008378        0xd d:/devkitpro/devkitarm/bin/../lib/gcc/arm-none-eabi/11.1.0/../../../../arm-none-eabi/lib/thumb\libstdc++.a(tinfo.o)
                0x0000000008008378                typeinfo name for std::type_info
 *fill*         0x0000000008008385        0x3 ff
 .rodata._ZTISt11logic_error
                0x0000000008008388        0xc d:/devkitpro/devkitarm/bin/../lib/gcc/arm-none-eabi/11.1.0/../../../../arm-none-eabi/lib/thumb\libstdc++.a(stdexcept.o)
                0x0000000008008388                typeinfo for std::logic_error
 .rodata._ZTISt12length_error
                0x0000000008008394        0xc d:/devkitpro/devkitarm/bin/../lib/gcc/arm-none-eabi/11.1.0/../../../../arm-none-eabi/lib/thumb\libstdc++.a(stdexcept.o)
                0x0000000008008394                typeinfo for std::length_error
 .rodata._ZTSSt11logic_error
                0x00000000080083a0       0x10 d:/devkitpro/devkitarm/bin/../lib/gcc/arm-none-eabi/11.1.0/../../../../arm-none-eabi/lib/thumb\libstdc++.a(stdexcept.o)
                0x00000000080083a0                typeinfo name for std::logic_error
 .rodata._ZTSSt12length_error
                0x00000000080083b0       0x11 d:/devkitpro/devkitarm/bin/../lib/gcc/arm-none-eabi/11.1.0/../../../../arm-none-eabi/lib/thumb\libstdc++.a(stdexcept.o)
                0x00000000080083b0                typeinfo name for std::length_error
 *fill*         0x00000000080083c1        0x3 ff
 .rodata._ZTVSt11logic_error
                0x00000000080083c4       0x14 d:/devkitpro/devkitarm/bin/../lib/gcc/arm-none-eabi/11.1.0/../../../../arm-none-eabi/lib/thumb\libstdc++.a(stdexcept.o)
                0x00000000080083c4                vtable for std::logic_error
 .rodata._ZTVSt12length_error
                0x00000000080083d8       0x14 d:/devkitpro/devkitarm/bin/../lib/gcc/arm-none-eabi/11.1.0/../../../../arm-none-eabi/lib/thumb\libstdc++.a(stdexcept.o)
                0x00000000080083d8                vtable for std::length_error
 .rodata._ZNSt11logic_errorC2EPKc.str1.4
                0x00000000080083ec       0x2a d:/devkitpro/devkitarm/bin/../lib/gcc/arm-none-eabi/11.1.0/../../../../arm-none-eabi/lib/thumb\libstdc++.a(cow-stdexcept.o)
 *fill*         0x0000000008008416        0x2 ff
 .rodata._ZNSs4_Rep9_S_createEjjRKSaIcE.str1.4
                0x0000000008008418       0x18 d:/devkitpro/devkitarm/bin/../lib/gcc/arm-none-eabi/11.1.0/../../../../arm-none-eabi/lib/thumb\libstdc++.a(cow-string-inst.o)
 .rodata._ZTIN10__cxxabiv117__class_type_infoE
                0x0000000008008430        0xc d:/devkitpro/devkitarm/bin/../lib/gcc/arm-none-eabi/11.1.0/../../../../arm-none-eabi/lib/thumb\libstdc++.a(class_type_info.o)
                0x0000000008008430                typeinfo for __cxxabiv1::__class_type_info
 .rodata._ZTSN10__cxxabiv117__class_type_infoE
                0x000000000800843c       0x22 d:/devkitpro/devkitarm/bin/../lib/gcc/arm-none-eabi/11.1.0/../../../../arm-none-eabi/lib/thumb\libstdc++.a(class_type_info.o)
                0x000000000800843c                typeinfo name for __cxxabiv1::__class_type_info
 *fill*         0x000000000800845e        0x2 ff
 .rodata._ZTVN10__cxxabiv117__class_type_infoE
                0x0000000008008460       0x2c d:/devkitpro/devkitarm/bin/../lib/gcc/arm-none-eabi/11.1.0/../../../../arm-none-eabi/lib/thumb\libstdc++.a(class_type_info.o)
                0x0000000008008460                vtable for __cxxabiv1::__class_type_info
 .rodata._global_impure_ptr
                0x000000000800848c        0x4 d:/devkitpro/devkitarm/bin/../lib/gcc/arm-none-eabi/11.1.0/../../../../arm-none-eabi/lib/thumb\libg.a(lib_a-impure.o)
                0x000000000800848c                _global_impure_ptr
 *(.gnu.linkonce.r*)
                0x0000000008008490                . = ALIGN (0x4)

.ARM.extab      0x0000000008008490      0x110
 *(.ARM.extab* .gnu.linkonce.armextab.*)
 .ARM.extab.text.unlikely._ZSt19__throw_logic_errorPKc
                0x0000000008008490       0x14 d:/devkitpro/devkitarm/bin/../lib/gcc/arm-none-eabi/11.1.0/../../../../arm-none-eabi/lib/thumb\libstdc++.a(functexcept.o)
 .ARM.extab.text.unlikely._ZSt20__throw_length_errorPKc
                0x00000000080084a4       0x14 d:/devkitpro/devkitarm/bin/../lib/gcc/arm-none-eabi/11.1.0/../../../../arm-none-eabi/lib/thumb\libstdc++.a(functexcept.o)
 .ARM.extab.text._ZNSt7__cxx1112basic_stringIcSt11char_traitsIcESaIcEE9_M_createERjj
                0x00000000080084b8        0x0 d:/devkitpro/devkitarm/bin/../lib/gcc/arm-none-eabi/11.1.0/../../../../arm-none-eabi/lib/thumb\libstdc++.a(string-inst.o)
 .ARM.extab.text._ZNSt7__cxx1112basic_stringIcSt11char_traitsIcESaIcEE9_M_mutateEjjPKcj
                0x00000000080084b8        0xc d:/devkitpro/devkitarm/bin/../lib/gcc/arm-none-eabi/11.1.0/../../../../arm-none-eabi/lib/thumb\libstdc++.a(string-inst.o)
 .ARM.extab.text._ZNSt7__cxx1112basic_stringIcSt11char_traitsIcESaIcEE9_M_appendEPKcj
                0x00000000080084c4        0x0 d:/devkitpro/devkitarm/bin/../lib/gcc/arm-none-eabi/11.1.0/../../../../arm-none-eabi/lib/thumb\libstdc++.a(string-inst.o)
 .ARM.extab.text.__cxa_type_match
                0x00000000080084c4        0xc d:/devkitpro/devkitarm/bin/../lib/gcc/arm-none-eabi/11.1.0/../../../../arm-none-eabi/lib/thumb\libstdc++.a(eh_arm.o)
 .ARM.extab.text.__cxa_begin_catch
                0x00000000080084d0        0xc d:/devkitpro/devkitarm/bin/../lib/gcc/arm-none-eabi/11.1.0/../../../../arm-none-eabi/lib/thumb\libstdc++.a(eh_catch.o)
 .ARM.extab.text._ZL28read_encoded_value_with_basehjPKhPj
                0x00000000080084dc        0xc d:/devkitpro/devkitarm/bin/../lib/gcc/arm-none-eabi/11.1.0/../../../../arm-none-eabi/lib/thumb\libstdc++.a(eh_personality.o)
 .ARM.extab.text.__gxx_personality_v0
                0x00000000080084e8       0x24 d:/devkitpro/devkitarm/bin/../lib/gcc/arm-none-eabi/11.1.0/../../../../arm-none-eabi/lib/thumb\libstdc++.a(eh_personality.o)
 .ARM.extab.text._ZN10__cxxabiv111__terminateEPFvvE
                0x000000000800850c       0x18 d:/devkitpro/devkitarm/bin/../lib/gcc/arm-none-eabi/11.1.0/../../../../arm-none-eabi/lib/thumb\libstdc++.a(eh_terminate.o)
 .ARM.extab.text._ZNK10__cxxabiv120__si_class_type_info12__do_dyncastEiNS_17__class_type_info10__sub_kindEPKS1_PKvS4_S6_RNS1_16__dyncast_resultE
                0x0000000008008524        0xc d:/devkitpro/devkitarm/bin/../lib/gcc/arm-none-eabi/11.1.0/../../../../arm-none-eabi/lib/thumb\libstdc++.a(si_class_type_info.o)
 .ARM.extab.text._ZNSt11logic_errorC2EPKc
                0x0000000008008530       0x18 d:/devkitpro/devkitarm/bin/../lib/gcc/arm-none-eabi/11.1.0/../../../../arm-none-eabi/lib/thumb\libstdc++.a(cow-stdexcept.o)
 .ARM.extab.text._ZNSs4_Rep9_S_createEjjRKSaIcE
                0x0000000008008548        0x0 d:/devkitpro/devkitarm/bin/../lib/gcc/arm-none-eabi/11.1.0/../../../../arm-none-eabi/lib/thumb\libstdc++.a(cow-string-inst.o)
 .ARM.extab.text._ZNSs4_Rep10_M_destroyERKSaIcE
                0x0000000008008548        0x0 d:/devkitpro/devkitarm/bin/../lib/gcc/arm-none-eabi/11.1.0/../../../../arm-none-eabi/lib/thumb\libstdc++.a(cow-string-inst.o)
 .ARM.extab.text.unlikely.__cxa_call_unexpected
                0x0000000008008548       0x28 d:/devkitpro/devkitarm/bin/../lib/gcc/arm-none-eabi/11.1.0/../../../../arm-none-eabi/lib/thumb\libstdc++.a(eh_call.o)
 .ARM.extab.text.unwind_phase2_forced
                0x0000000008008570        0xc d:/devkitpro/devkitarm/bin/../lib/gcc/arm-none-eabi/11.1.0/thumb\libgcc.a(unwind-arm.o)
 .ARM.extab.text.__gnu_unwind_pr_common
                0x000000000800857c        0xc d:/devkitpro/devkitarm/bin/../lib/gcc/arm-none-eabi/11.1.0/thumb\libgcc.a(unwind-arm.o)
 .ARM.extab.text._Unwind_VRS_Pop
                0x0000000008008588        0xc d:/devkitpro/devkitarm/bin/../lib/gcc/arm-none-eabi/11.1.0/thumb\libgcc.a(unwind-arm.o)
 .ARM.extab.text.__gnu_unwind_execute
                0x0000000008008594        0xc d:/devkitpro/devkitarm/bin/../lib/gcc/arm-none-eabi/11.1.0/thumb\libgcc.a(pr-support.o)
                0x00000000080085a0                __exidx_start = .

.ARM.exidx      0x00000000080085a0      0x1f8
 *(.ARM.exidx* .gnu.linkonce.armexidx.*)
 .ARM.exidx.text._ZdlPvj
                0x00000000080085a0        0x8 d:/devkitpro/devkitarm/bin/../lib/gcc/arm-none-eabi/11.1.0/../../../../arm-none-eabi/lib/thumb\libstdc++.a(del_ops.o)
 .ARM.exidx.text._Znwj
                0x00000000080085a8        0x8 d:/devkitpro/devkitarm/bin/../lib/gcc/arm-none-eabi/11.1.0/../../../../arm-none-eabi/lib/thumb\libstdc++.a(new_op.o)
 .ARM.exidx.text.unlikely._ZSt17__throw_bad_allocv
                0x00000000080085b0        0x0 d:/devkitpro/devkitarm/bin/../lib/gcc/arm-none-eabi/11.1.0/../../../../arm-none-eabi/lib/thumb\libstdc++.a(functexcept.o)
                                          0x8 (size before relaxing)
 .ARM.exidx.text.unlikely._ZSt28__throw_bad_array_new_lengthv
                0x00000000080085b0        0x0 d:/devkitpro/devkitarm/bin/../lib/gcc/arm-none-eabi/11.1.0/../../../../arm-none-eabi/lib/thumb\libstdc++.a(functexcept.o)
                                          0x8 (size before relaxing)
 .ARM.exidx.text.unlikely._ZSt19__throw_logic_errorPKc
                0x00000000080085b0        0x8 d:/devkitpro/devkitarm/bin/../lib/gcc/arm-none-eabi/11.1.0/../../../../arm-none-eabi/lib/thumb\libstdc++.a(functexcept.o)
 .ARM.exidx.text.unlikely._ZSt20__throw_length_errorPKc
                0x00000000080085b8        0x8 d:/devkitpro/devkitarm/bin/../lib/gcc/arm-none-eabi/11.1.0/../../../../arm-none-eabi/lib/thumb\libstdc++.a(functexcept.o)
 .ARM.exidx.text._ZNKSt17bad_function_call4whatEv
                0x00000000080085c0        0x8 d:/devkitpro/devkitarm/bin/../lib/gcc/arm-none-eabi/11.1.0/../../../../arm-none-eabi/lib/thumb\libstdc++.a(functional.o)
 .ARM.exidx.text._ZNSt17bad_function_callD2Ev
                0x00000000080085c8        0x0 d:/devkitpro/devkitarm/bin/../lib/gcc/arm-none-eabi/11.1.0/../../../../arm-none-eabi/lib/thumb\libstdc++.a(functional.o)
                                          0x8 (size before relaxing)
 .ARM.exidx.text._ZNSt17bad_function_callD0Ev
                0x00000000080085c8        0x0 d:/devkitpro/devkitarm/bin/../lib/gcc/arm-none-eabi/11.1.0/../../../../arm-none-eabi/lib/thumb\libstdc++.a(functional.o)
                                          0x8 (size before relaxing)
 .ARM.exidx.text.unlikely._ZSt25__throw_bad_function_callv
                0x00000000080085c8        0x8 d:/devkitpro/devkitarm/bin/../lib/gcc/arm-none-eabi/11.1.0/../../../../arm-none-eabi/lib/thumb\libstdc++.a(functional.o)
 .ARM.exidx.text._ZNSt7__cxx1112basic_stringIcSt11char_traitsIcESaIcEE9_M_createERjj
                0x00000000080085d0        0x0 d:/devkitpro/devkitarm/bin/../lib/gcc/arm-none-eabi/11.1.0/../../../../arm-none-eabi/lib/thumb\libstdc++.a(string-inst.o)
                                          0x8 (size before relaxing)
 .ARM.exidx.text._ZNSt7__cxx1112basic_stringIcSt11char_traitsIcESaIcEE9_M_mutateEjjPKcj
                0x00000000080085d0        0x8 d:/devkitpro/devkitarm/bin/../lib/gcc/arm-none-eabi/11.1.0/../../../../arm-none-eabi/lib/thumb\libstdc++.a(string-inst.o)
 .ARM.exidx.text._ZNSt7__cxx1112basic_stringIcSt11char_traitsIcESaIcEE9_M_appendEPKcj
                0x00000000080085d8        0x8 d:/devkitpro/devkitarm/bin/../lib/gcc/arm-none-eabi/11.1.0/../../../../arm-none-eabi/lib/thumb\libstdc++.a(string-inst.o)
 .ARM.exidx.text._ZNKSt9bad_alloc4whatEv
                0x00000000080085e0        0x8 d:/devkitpro/devkitarm/bin/../lib/gcc/arm-none-eabi/11.1.0/../../../../arm-none-eabi/lib/thumb\libstdc++.a(bad_alloc.o)
 .ARM.exidx.text._ZNSt9bad_allocD2Ev
                0x00000000080085e8        0x0 d:/devkitpro/devkitarm/bin/../lib/gcc/arm-none-eabi/11.1.0/../../../../arm-none-eabi/lib/thumb\libstdc++.a(bad_alloc.o)
                                          0x8 (size before relaxing)
 .ARM.exidx.text._ZNSt9bad_allocD0Ev
                0x00000000080085e8        0x0 d:/devkitpro/devkitarm/bin/../lib/gcc/arm-none-eabi/11.1.0/../../../../arm-none-eabi/lib/thumb\libstdc++.a(bad_alloc.o)
                                          0x8 (size before relaxing)
 .ARM.exidx.text._ZNKSt20bad_array_new_length4whatEv
                0x00000000080085e8        0x0 d:/devkitpro/devkitarm/bin/../lib/gcc/arm-none-eabi/11.1.0/../../../../arm-none-eabi/lib/thumb\libstdc++.a(bad_array_new.o)
                                          0x8 (size before relaxing)
 .ARM.exidx.text._ZNSt20bad_array_new_lengthD2Ev
                0x00000000080085e8        0x0 d:/devkitpro/devkitarm/bin/../lib/gcc/arm-none-eabi/11.1.0/../../../../arm-none-eabi/lib/thumb\libstdc++.a(bad_array_new.o)
                                          0x8 (size before relaxing)
 .ARM.exidx.text._ZNSt20bad_array_new_lengthD0Ev
                0x00000000080085e8        0x0 d:/devkitpro/devkitarm/bin/../lib/gcc/arm-none-eabi/11.1.0/../../../../arm-none-eabi/lib/thumb\libstdc++.a(bad_array_new.o)
                                          0x8 (size before relaxing)
 .ARM.exidx.text._ZdlPv
                0x00000000080085e8        0x0 d:/devkitpro/devkitarm/bin/../lib/gcc/arm-none-eabi/11.1.0/../../../../arm-none-eabi/lib/thumb\libstdc++.a(del_op.o)
                                          0x8 (size before relaxing)
 .ARM.exidx.text._ZN12_GLOBAL__N_14pool4freeEPv.constprop.0
                0x00000000080085e8        0x0 d:/devkitpro/devkitarm/bin/../lib/gcc/arm-none-eabi/11.1.0/../../../../arm-none-eabi/lib/thumb\libstdc++.a(eh_alloc.o)
                                          0x8 (size before relaxing)
 .ARM.exidx.text._ZN12_GLOBAL__N_14pool8allocateEj.constprop.0
                0x00000000080085e8        0x0 d:/devkitpro/devkitarm/bin/../lib/gcc/arm-none-eabi/11.1.0/../../../../arm-none-eabi/lib/thumb\libstdc++.a(eh_alloc.o)
                                          0x8 (size before relaxing)
 .ARM.exidx.text.__cxa_allocate_exception
                0x00000000080085e8        0x0 d:/devkitpro/devkitarm/bin/../lib/gcc/arm-none-eabi/11.1.0/../../../../arm-none-eabi/lib/thumb\libstdc++.a(eh_alloc.o)
                                          0x8 (size before relaxing)
 .ARM.exidx.text.__cxa_free_exception
                0x00000000080085e8        0x0 d:/devkitpro/devkitarm/bin/../lib/gcc/arm-none-eabi/11.1.0/../../../../arm-none-eabi/lib/thumb\libstdc++.a(eh_alloc.o)
                                          0x8 (size before relaxing)
 .ARM.exidx.text.startup._GLOBAL__sub_I__ZN9__gnu_cxx9__freeresEv
                0x00000000080085e8        0x0 d:/devkitpro/devkitarm/bin/../lib/gcc/arm-none-eabi/11.1.0/../../../../arm-none-eabi/lib/thumb\libstdc++.a(eh_alloc.o)
                                          0x8 (size before relaxing)
 .ARM.exidx.text.__cxa_type_match
                0x00000000080085e8        0x8 d:/devkitpro/devkitarm/bin/../lib/gcc/arm-none-eabi/11.1.0/../../../../arm-none-eabi/lib/thumb\libstdc++.a(eh_arm.o)
 .ARM.exidx.text.__cxa_begin_cleanup
                0x00000000080085f0        0x8 d:/devkitpro/devkitarm/bin/../lib/gcc/arm-none-eabi/11.1.0/../../../../arm-none-eabi/lib/thumb\libstdc++.a(eh_arm.o)
 .ARM.exidx.text.__gnu_end_cleanup
                0x00000000080085f8        0x0 d:/devkitpro/devkitarm/bin/../lib/gcc/arm-none-eabi/11.1.0/../../../../arm-none-eabi/lib/thumb\libstdc++.a(eh_arm.o)
                                          0x8 (size before relaxing)
 .ARM.exidx.text.__cxa_begin_catch
                0x00000000080085f8        0x8 d:/devkitpro/devkitarm/bin/../lib/gcc/arm-none-eabi/11.1.0/../../../../arm-none-eabi/lib/thumb\libstdc++.a(eh_catch.o)
 .ARM.exidx.text.__cxa_end_catch
                0x0000000008008600        0x8 d:/devkitpro/devkitarm/bin/../lib/gcc/arm-none-eabi/11.1.0/../../../../arm-none-eabi/lib/thumb\libstdc++.a(eh_catch.o)
 .ARM.exidx.text._ZNSt9exceptionD2Ev
                0x0000000008008608        0x8 d:/devkitpro/devkitarm/bin/../lib/gcc/arm-none-eabi/11.1.0/../../../../arm-none-eabi/lib/thumb\libstdc++.a(eh_exception.o)
 .ARM.exidx.text._ZNSt13bad_exceptionD2Ev
                0x0000000008008610        0x0 d:/devkitpro/devkitarm/bin/../lib/gcc/arm-none-eabi/11.1.0/../../../../arm-none-eabi/lib/thumb\libstdc++.a(eh_exception.o)
                                          0x8 (size before relaxing)
 .ARM.exidx.text._ZNKSt13bad_exception4whatEv
                0x0000000008008610        0x0 d:/devkitpro/devkitarm/bin/../lib/gcc/arm-none-eabi/11.1.0/../../../../arm-none-eabi/lib/thumb\libstdc++.a(eh_exception.o)
                                          0x8 (size before relaxing)
 .ARM.exidx.text._ZNSt13bad_exceptionD0Ev
                0x0000000008008610        0x0 d:/devkitpro/devkitarm/bin/../lib/gcc/arm-none-eabi/11.1.0/../../../../arm-none-eabi/lib/thumb\libstdc++.a(eh_exception.o)
                                          0x8 (size before relaxing)
 .ARM.exidx.text.__cxa_get_globals_fast
                0x0000000008008610        0x0 d:/devkitpro/devkitarm/bin/../lib/gcc/arm-none-eabi/11.1.0/../../../../arm-none-eabi/lib/thumb\libstdc++.a(eh_globals.o)
                                          0x8 (size before relaxing)
 .ARM.exidx.text.__cxa_get_globals
                0x0000000008008610        0x0 d:/devkitpro/devkitarm/bin/../lib/gcc/arm-none-eabi/11.1.0/../../../../arm-none-eabi/lib/thumb\libstdc++.a(eh_globals.o)
                                          0x8 (size before relaxing)
 .ARM.exidx.text._ZL28read_encoded_value_with_basehjPKhPj
                0x0000000008008610        0x8 d:/devkitpro/devkitarm/bin/../lib/gcc/arm-none-eabi/11.1.0/../../../../arm-none-eabi/lib/thumb\libstdc++.a(eh_personality.o)
 .ARM.exidx.text._ZL21base_of_encoded_valuehP15_Unwind_Context
                0x0000000008008618        0x8 d:/devkitpro/devkitarm/bin/../lib/gcc/arm-none-eabi/11.1.0/../../../../arm-none-eabi/lib/thumb\libstdc++.a(eh_personality.o)
 .ARM.exidx.text._ZL17parse_lsda_headerP15_Unwind_ContextPKhP16lsda_header_info
                0x0000000008008620        0x8 d:/devkitpro/devkitarm/bin/../lib/gcc/arm-none-eabi/11.1.0/../../../../arm-none-eabi/lib/thumb\libstdc++.a(eh_personality.o)
 .ARM.exidx.text.__gxx_personality_v0
                0x0000000008008628        0x8 d:/devkitpro/devkitarm/bin/../lib/gcc/arm-none-eabi/11.1.0/../../../../arm-none-eabi/lib/thumb\libstdc++.a(eh_personality.o)
 .ARM.exidx.text._ZN10__cxxabiv111__terminateEPFvvE
                0x0000000008008630        0x8 d:/devkitpro/devkitarm/bin/../lib/gcc/arm-none-eabi/11.1.0/../../../../arm-none-eabi/lib/thumb\libstdc++.a(eh_terminate.o)
 .ARM.exidx.text._ZSt9terminatev
                0x0000000008008638        0x8 d:/devkitpro/devkitarm/bin/../lib/gcc/arm-none-eabi/11.1.0/../../../../arm-none-eabi/lib/thumb\libstdc++.a(eh_terminate.o)
 .ARM.exidx.text._ZN10__cxxabiv112__unexpectedEPFvvE
                0x0000000008008640        0x8 d:/devkitpro/devkitarm/bin/../lib/gcc/arm-none-eabi/11.1.0/../../../../arm-none-eabi/lib/thumb\libstdc++.a(eh_terminate.o)
 .ARM.exidx.text._ZSt10unexpectedv
                0x0000000008008648        0x0 d:/devkitpro/devkitarm/bin/../lib/gcc/arm-none-eabi/11.1.0/../../../../arm-none-eabi/lib/thumb\libstdc++.a(eh_terminate.o)
                                          0x8 (size before relaxing)
 .ARM.exidx.text._ZSt13get_terminatev
                0x0000000008008648        0x8 d:/devkitpro/devkitarm/bin/../lib/gcc/arm-none-eabi/11.1.0/../../../../arm-none-eabi/lib/thumb\libstdc++.a(eh_terminate.o)
 .ARM.exidx.text._ZSt14get_unexpectedv
                0x0000000008008650        0x0 d:/devkitpro/devkitarm/bin/../lib/gcc/arm-none-eabi/11.1.0/../../../../arm-none-eabi/lib/thumb\libstdc++.a(eh_terminate.o)
                                          0x8 (size before relaxing)
 .ARM.exidx.text._ZL23__gxx_exception_cleanup19_Unwind_Reason_CodeP21_Unwind_Control_Block
                0x0000000008008650        0x8 d:/devkitpro/devkitarm/bin/../lib/gcc/arm-none-eabi/11.1.0/../../../../arm-none-eabi/lib/thumb\libstdc++.a(eh_throw.o)
 .ARM.exidx.text.__cxa_init_primary_exception
                0x0000000008008658        0x8 d:/devkitpro/devkitarm/bin/../lib/gcc/arm-none-eabi/11.1.0/../../../../arm-none-eabi/lib/thumb\libstdc++.a(eh_throw.o)
 .ARM.exidx.text.__cxa_throw
                0x0000000008008660        0x8 d:/devkitpro/devkitarm/bin/../lib/gcc/arm-none-eabi/11.1.0/../../../../arm-none-eabi/lib/thumb\libstdc++.a(eh_throw.o)
 .ARM.exidx.text.__cxa_rethrow
                0x0000000008008668        0x8 d:/devkitpro/devkitarm/bin/../lib/gcc/arm-none-eabi/11.1.0/../../../../arm-none-eabi/lib/thumb\libstdc++.a(eh_throw.o)
 .ARM.exidx.text._ZSt15get_new_handlerv
                0x0000000008008670        0x8 d:/devkitpro/devkitarm/bin/../lib/gcc/arm-none-eabi/11.1.0/../../../../arm-none-eabi/lib/thumb\libstdc++.a(new_handler.o)
 .ARM.exidx.text._ZN10__cxxabiv120__si_class_type_infoD2Ev
                0x0000000008008678        0x0 d:/devkitpro/devkitarm/bin/../lib/gcc/arm-none-eabi/11.1.0/../../../../arm-none-eabi/lib/thumb\libstdc++.a(si_class_type_info.o)
                                          0x8 (size before relaxing)
 .ARM.exidx.text._ZN10__cxxabiv120__si_class_type_infoD0Ev
                0x0000000008008678        0x0 d:/devkitpro/devkitarm/bin/../lib/gcc/arm-none-eabi/11.1.0/../../../../arm-none-eabi/lib/thumb\libstdc++.a(si_class_type_info.o)
                                          0x8 (size before relaxing)
 .ARM.exidx.text._ZNK10__cxxabiv120__si_class_type_info20__do_find_public_srcEiPKvPKNS_17__class_type_infoES2_
                0x0000000008008678        0x8 d:/devkitpro/devkitarm/bin/../lib/gcc/arm-none-eabi/11.1.0/../../../../arm-none-eabi/lib/thumb\libstdc++.a(si_class_type_info.o)
 .ARM.exidx.text._ZNK10__cxxabiv120__si_class_type_info12__do_dyncastEiNS_17__class_type_info10__sub_kindEPKS1_PKvS4_S6_RNS1_16__dyncast_resultE
                0x0000000008008680        0x8 d:/devkitpro/devkitarm/bin/../lib/gcc/arm-none-eabi/11.1.0/../../../../arm-none-eabi/lib/thumb\libstdc++.a(si_class_type_info.o)
 .ARM.exidx.text._ZNK10__cxxabiv120__si_class_type_info11__do_upcastEPKNS_17__class_type_infoEPKvRNS1_15__upcast_resultE
                0x0000000008008688        0x8 d:/devkitpro/devkitarm/bin/../lib/gcc/arm-none-eabi/11.1.0/../../../../arm-none-eabi/lib/thumb\libstdc++.a(si_class_type_info.o)
 .ARM.exidx.text._ZNSt9type_infoD2Ev
                0x0000000008008690        0x8 d:/devkitpro/devkitarm/bin/../lib/gcc/arm-none-eabi/11.1.0/../../../../arm-none-eabi/lib/thumb\libstdc++.a(tinfo.o)
 .ARM.exidx.text._ZNKSt9type_info14__is_pointer_pEv
                0x0000000008008698        0x0 d:/devkitpro/devkitarm/bin/../lib/gcc/arm-none-eabi/11.1.0/../../../../arm-none-eabi/lib/thumb\libstdc++.a(tinfo.o)
                                          0x8 (size before relaxing)
 .ARM.exidx.text._ZNKSt9type_infoeqERKS_
                0x0000000008008698        0x0 d:/devkitpro/devkitarm/bin/../lib/gcc/arm-none-eabi/11.1.0/../../../../arm-none-eabi/lib/thumb\libstdc++.a(tinfo.o)
                                          0x8 (size before relaxing)
 .ARM.exidx.text._ZNKSt11logic_error4whatEv
                0x0000000008008698        0x0 d:/devkitpro/devkitarm/bin/../lib/gcc/arm-none-eabi/11.1.0/../../../../arm-none-eabi/lib/thumb\libstdc++.a(stdexcept.o)
                                          0x8 (size before relaxing)
 .ARM.exidx.text._ZNSt11logic_errorD2Ev
                0x0000000008008698        0x0 d:/devkitpro/devkitarm/bin/../lib/gcc/arm-none-eabi/11.1.0/../../../../arm-none-eabi/lib/thumb\libstdc++.a(stdexcept.o)
                                          0x8 (size before relaxing)
 .ARM.exidx.text._ZNSt12length_errorD2Ev
                0x0000000008008698        0x0 d:/devkitpro/devkitarm/bin/../lib/gcc/arm-none-eabi/11.1.0/../../../../arm-none-eabi/lib/thumb\libstdc++.a(stdexcept.o)
                                          0x8 (size before relaxing)
 .ARM.exidx.text._ZNSt11logic_errorD0Ev
                0x0000000008008698        0x0 d:/devkitpro/devkitarm/bin/../lib/gcc/arm-none-eabi/11.1.0/../../../../arm-none-eabi/lib/thumb\libstdc++.a(stdexcept.o)
                                          0x8 (size before relaxing)
 .ARM.exidx.text._ZNSt12length_errorD0Ev
                0x0000000008008698        0x0 d:/devkitpro/devkitarm/bin/../lib/gcc/arm-none-eabi/11.1.0/../../../../arm-none-eabi/lib/thumb\libstdc++.a(stdexcept.o)
                                          0x8 (size before relaxing)
 .ARM.exidx.text._ZNSt11logic_errorC2EPKc
                0x0000000008008698        0x8 d:/devkitpro/devkitarm/bin/../lib/gcc/arm-none-eabi/11.1.0/../../../../arm-none-eabi/lib/thumb\libstdc++.a(cow-stdexcept.o)
 .ARM.exidx.text._ZNSt12length_errorC2EPKc
                0x00000000080086a0        0x8 d:/devkitpro/devkitarm/bin/../lib/gcc/arm-none-eabi/11.1.0/../../../../arm-none-eabi/lib/thumb\libstdc++.a(cow-stdexcept.o)
 .ARM.exidx.text._ZNSs4_Rep9_S_createEjjRKSaIcE
                0x00000000080086a8        0x0 d:/devkitpro/devkitarm/bin/../lib/gcc/arm-none-eabi/11.1.0/../../../../arm-none-eabi/lib/thumb\libstdc++.a(cow-string-inst.o)
                                          0x8 (size before relaxing)
 .ARM.exidx.text._ZNSs4_Rep10_M_destroyERKSaIcE
                0x00000000080086a8        0x8 d:/devkitpro/devkitarm/bin/../lib/gcc/arm-none-eabi/11.1.0/../../../../arm-none-eabi/lib/thumb\libstdc++.a(cow-string-inst.o)
 .ARM.exidx.text._ZNK10__cxxabiv117__class_type_info11__do_upcastEPKS0_PPv
                0x00000000080086b0        0x8 d:/devkitpro/devkitarm/bin/../lib/gcc/arm-none-eabi/11.1.0/../../../../arm-none-eabi/lib/thumb\libstdc++.a(class_type_info.o)
 .ARM.exidx.text._ZNK10__cxxabiv117__class_type_info20__do_find_public_srcEiPKvPKS0_S2_
                0x00000000080086b8        0x8 d:/devkitpro/devkitarm/bin/../lib/gcc/arm-none-eabi/11.1.0/../../../../arm-none-eabi/lib/thumb\libstdc++.a(class_type_info.o)
 .ARM.exidx.text._ZN10__cxxabiv117__class_type_infoD2Ev
                0x00000000080086c0        0x0 d:/devkitpro/devkitarm/bin/../lib/gcc/arm-none-eabi/11.1.0/../../../../arm-none-eabi/lib/thumb\libstdc++.a(class_type_info.o)
                                          0x8 (size before relaxing)
 .ARM.exidx.text._ZN10__cxxabiv117__class_type_infoD0Ev
                0x00000000080086c0        0x0 d:/devkitpro/devkitarm/bin/../lib/gcc/arm-none-eabi/11.1.0/../../../../arm-none-eabi/lib/thumb\libstdc++.a(class_type_info.o)
                                          0x8 (size before relaxing)
 .ARM.exidx.text._ZNK10__cxxabiv117__class_type_info12__do_dyncastEiNS0_10__sub_kindEPKS0_PKvS3_S5_RNS0_16__dyncast_resultE
                0x00000000080086c0        0x0 d:/devkitpro/devkitarm/bin/../lib/gcc/arm-none-eabi/11.1.0/../../../../arm-none-eabi/lib/thumb\libstdc++.a(class_type_info.o)
                                          0x8 (size before relaxing)
 .ARM.exidx.text._ZNK10__cxxabiv117__class_type_info11__do_upcastEPKS0_PKvRNS0_15__upcast_resultE
                0x00000000080086c0        0x0 d:/devkitpro/devkitarm/bin/../lib/gcc/arm-none-eabi/11.1.0/../../../../arm-none-eabi/lib/thumb\libstdc++.a(class_type_info.o)
                                          0x8 (size before relaxing)
 .ARM.exidx.text._ZNK10__cxxabiv117__class_type_info10__do_catchEPKSt9type_infoPPvj
                0x00000000080086c0        0x8 d:/devkitpro/devkitarm/bin/../lib/gcc/arm-none-eabi/11.1.0/../../../../arm-none-eabi/lib/thumb\libstdc++.a(class_type_info.o)
 .ARM.exidx.text._ZN10__cxxabiv1L24__is_gxx_exception_classEPc
                0x00000000080086c8        0x8 d:/devkitpro/devkitarm/bin/../lib/gcc/arm-none-eabi/11.1.0/../../../../arm-none-eabi/lib/thumb\libstdc++.a(eh_call.o)
 .ARM.exidx.text.__cxa_call_terminate
                0x00000000080086d0        0x0 d:/devkitpro/devkitarm/bin/../lib/gcc/arm-none-eabi/11.1.0/../../../../arm-none-eabi/lib/thumb\libstdc++.a(eh_call.o)
                                          0x8 (size before relaxing)
 .ARM.exidx.text.unlikely.__cxa_call_unexpected
                0x00000000080086d0       0x10 d:/devkitpro/devkitarm/bin/../lib/gcc/arm-none-eabi/11.1.0/../../../../arm-none-eabi/lib/thumb\libstdc++.a(eh_call.o)
                                          0x8 (size before relaxing)
 .ARM.exidx.text.selfrel_offset31
                0x00000000080086e0        0x0 d:/devkitpro/devkitarm/bin/../lib/gcc/arm-none-eabi/11.1.0/thumb\libgcc.a(unwind-arm.o)
                                          0x8 (size before relaxing)
 .ARM.exidx.text.search_EIT_table
                0x00000000080086e0        0x0 d:/devkitpro/devkitarm/bin/../lib/gcc/arm-none-eabi/11.1.0/thumb\libgcc.a(unwind-arm.o)
                                          0x8 (size before relaxing)
 .ARM.exidx.text.__gnu_unwind_get_pr_addr
                0x00000000080086e0        0x0 d:/devkitpro/devkitarm/bin/../lib/gcc/arm-none-eabi/11.1.0/thumb\libgcc.a(unwind-arm.o)
                                          0x8 (size before relaxing)
 .ARM.exidx.text.get_eit_entry
                0x00000000080086e0        0x8 d:/devkitpro/devkitarm/bin/../lib/gcc/arm-none-eabi/11.1.0/thumb\libgcc.a(unwind-arm.o)
 .ARM.exidx.text.restore_non_core_regs
                0x00000000080086e8        0x8 d:/devkitpro/devkitarm/bin/../lib/gcc/arm-none-eabi/11.1.0/thumb\libgcc.a(unwind-arm.o)
 .ARM.exidx.text._Unwind_decode_typeinfo_ptr.constprop.0
                0x00000000080086f0        0x8 d:/devkitpro/devkitarm/bin/../lib/gcc/arm-none-eabi/11.1.0/thumb\libgcc.a(unwind-arm.o)
 .ARM.exidx.text._Unwind_DebugHook
                0x00000000080086f8        0x0 d:/devkitpro/devkitarm/bin/../lib/gcc/arm-none-eabi/11.1.0/thumb\libgcc.a(unwind-arm.o)
                                          0x8 (size before relaxing)
 .ARM.exidx.text.unwind_phase2
                0x00000000080086f8        0x8 d:/devkitpro/devkitarm/bin/../lib/gcc/arm-none-eabi/11.1.0/thumb\libgcc.a(unwind-arm.o)
 .ARM.exidx.text.unwind_phase2_forced
                0x0000000008008700        0x8 d:/devkitpro/devkitarm/bin/../lib/gcc/arm-none-eabi/11.1.0/thumb\libgcc.a(unwind-arm.o)
 .ARM.exidx.text.__gnu_Unwind_RaiseException
                0x0000000008008708        0x8 d:/devkitpro/devkitarm/bin/../lib/gcc/arm-none-eabi/11.1.0/thumb\libgcc.a(unwind-arm.o)
 .ARM.exidx.text.__gnu_Unwind_ForcedUnwind
                0x0000000008008710        0x8 d:/devkitpro/devkitarm/bin/../lib/gcc/arm-none-eabi/11.1.0/thumb\libgcc.a(unwind-arm.o)
 .ARM.exidx.text.__gnu_Unwind_Resume
                0x0000000008008718        0x8 d:/devkitpro/devkitarm/bin/../lib/gcc/arm-none-eabi/11.1.0/thumb\libgcc.a(unwind-arm.o)
 .ARM.exidx.text.__gnu_Unwind_Resume_or_Rethrow
                0x0000000008008720        0x8 d:/devkitpro/devkitarm/bin/../lib/gcc/arm-none-eabi/11.1.0/thumb\libgcc.a(unwind-arm.o)
 .ARM.exidx.text._Unwind_Complete
                0x0000000008008728        0x8 d:/devkitpro/devkitarm/bin/../lib/gcc/arm-none-eabi/11.1.0/thumb\libgcc.a(unwind-arm.o)
 .ARM.exidx.text._Unwind_DeleteException